{
  "id": "test1",
  "modelName": "inceptiongraphdef",
  "modelVersion": "1",
  "outputs": [
    {
      "datatype": "FP32",
      "name": "InceptionV3/Predictions/Softmax",
      "shape": [
        "1",
        "1001"
      ]
    }
  ],
  "rawOutputContents": [
    "////f////3////9/////f////3////9/////f////3////9/////f////3////9/////f////3////9/////f////3////9/////f////3////9/////f////3////9/////f////3////9/////f////3////9/////f////3////9/////f////3////9/////f////3////9/////f////3////9/////f////3////9/////f////3////9/////f////3////9/////f////3////9/////f////3////9/////f////3////9/////f////3////9/////f////3////9/////f////3////9/////f////3////9/////f////3////9/////f////3////9/////f////3////9/////f////3////9/////f////3////9/////f////3////9/////f////3////9/////f////3////9/////f////3////9/////f////3////9/////f////3////9/////f////3////9/////f////3////9/////f////3////9/////f////3////9/////f////3////9/////f////3////9/////f////3////9/////f////3////9/////f////3////9/////f////3////9/////f////3////9/////f////3////9/////f////3////9/////f////3////9/////f////3////9/////f////3////9/////f////3////9/////f////3////9/////f////3////9/////f////3////9/////f////3////9/////f////3////9/////f////3////9/////f////3////9/////f////3////9/////f////3////9/////f////3////9/////f////3////9/////f////3////9/////f////3////9/////f////3////9/////f////3////9/////f////3////9/////f////3////9/////f////3////9/////f////3////9/////f////3////9/////f////3////9/////f////3////9/////f////3////9/////f////3////9/////f////3////9/////f////3////9/////f////3////9/////f////3////9/////f////3////9/////f////3////9/////f////3////9/////f////3////9/////f////3////9/////f////3////9/////f////3////9/////f////3////9/////f////3////9/////f////3////9/////f////3////9/////f////3////9/////f////3////9/////f////3////9/////f////3////9/////f////3////9/////f////3////9/////f////3////9/////f////3////9/////f////3////9/////f////3////9/////f////3////9/////f////3////9/////f////3////9/////f////3////9/////f////3////9/////f////3////9/////f////3////9/////f////3////9/////f////3////9/////f////3////9/////f////3////9/////f////3////9/////f////3////9/////f////3////9/////f////3////9/////f////3////9/////f////3////9/////f////3////9/////f////3////9/////f////3////9/////f////3////9/////f////3////9/////f////3////9/////f////3////9/////f////3////9/////f////3////9/////f////3////9/////f////3////9/////f////3////9/////f////3////9/////f////3////9/////f////3////9/////f////3////9/////f////3////9/////f////3////9/////f////3////9/////f////3////9/////f////3////9/////f////3////9/////f////3////9/////f////3////9/////f////3////9/////f////3////9/////f////3////9/////f////3////9/////f////3////9/////f////3////9/////f////3////9/////f////3////9/////f////3////9/////f////3////9/////f////3////9/////f////3////9/////f////3////9/////f////3////9/////f////3////9/////f////3////9/////f////3////9/////f////3////9/////f////3////9/////f////3////9/////f////3////9/////f////3////9/////f////3////9/////f////3////9/////f////3////9/////f////3////9/////f////3////9/////f////3////9/////f////3////9/////f////3////9/////f////3////9/////f////3////9/////f////3////9/////f////3////9/////f////3////9/////f////3////9/////f////3////9/////f////3////9/////f////3////9/////f////3////9/////f////3////9/////f////3////9/////f////3////9/////f////3////9/////f////3////9/////f////3////9/////f////3////9/////f////3////9/////f////3////9/////f////3////9/////f////3////9/////f////3////9/////f////3////9/////f////3////9/////f////3////9/////f////3////9/////f////3////9/////f////3////9/////f////3////9/////f////3////9/////f////3////9/////f////3////9/////f////3////9/////f////3////9/////f////3////9/////f////3////9/////f////3////9/////f////3////9/////f////3////9/////f////3////9/////f////3////9/////f////3////9/////f////3////9/////f////3////9/////f////3////9/////f////3////9/////f////3////9/////f////3////9/////f////3////9/////f////3////9/////f////3////9/////f////3////9/////f////3////9/////f////3////9/////f////3////9/////f////3////9/////f////3////9/////f////3////9/////f////3////9/////f////3////9/////f////3////9/////f////3////9/////f////3////9/////f////3////9/////f////3////9/////f////3////9/////f////3////9/////f////3////9/////f////3////9/////f////3////9/////f////3////9/////f////3////9/////f////3////9/////f////3////9/////f////3////9/////f////3////9/////f////3////9/////f////3////9/////f////3////9/////f////3////9/////f////3////9/////f////3////9/////f////3////9/////f////3////9/////f////3////9/////f////3////9/////f////3////9/////f////3////9/////f////3////9/////f////3////9/////f////3////9/////f////3////9/////f////3////9/////f////3////9/////f////3////9/////f////3////9/////f////3////9/////f////3////9/////f////3////9/////f////3////9/////f////3////9/////f////3////9/////f////3////9/////f////3////9/////f////3////9/////f////3////9/////f////3////9/////f////3////9/////f////3////9/////f////3////9/////f////3////9/////f////3////9/////f////3////9/////f////3////9/////f////3////9/////f////3////9/////f////3////9/////f////3////9/////f////3////9/////f////3////9/////f////3////9/////f////3////9/////f////3////9/////f////3////9/////f////3////9/////f////3////9/////f////3////9/////f////3////9/////f////3////9/////f////3////9/////f////3////9/////f////3////9/////f////3////9/////f////3////9/////f////3////9/////f////3////9/////f////3////9/////f////3////9/////f////3////9/////f////3////9/////f////3////9/////f////3////9/////f////3////9/////f////3////9/////f////3////9/////f////3////9/////f////3////9/////f////3////9/////f////3////9/////f////3////9/////f////3////9/////f////3////9/////f////3////9/////f////3////9/////f////3////9/////f////3////9/////f////3////9/////f////3////9/////f////3////9/////f////3////9/////f////3////9/////f////38="
  ]
}
