{
  "id": "test1",
  "modelName": "inceptiongraphdef",
  "modelVersion": "1",
  "outputs": [
    {
      "datatype": "FP32",
      "name": "InceptionV3/Predictions/Softmax",
      "shape": [
        "1",
        "1001"
      ]
    }
  ],
  "rawOutputContents": [
    "tvyfOGXphDjmeuE5Q8l+On9+hzl51YY6CARqOQjFojmZMAQ7RB5fOl+lhTqSmGg729apO+8MgDxhCpM7LW5nOzhSRTzTYqY8dNTSOp5plDx5WaQ7MNKWOidEDT6DGfg8L9GYPBrAbjsf0cs4+UNNOZDoGzlw9+Q4g5utOCJpLDnjgoE55XdNOO8/zznZTl858OWvOG0WdjnH4pg4zSwXOTj1pDkDiw06ZZJDOWO35zp3x8M5oSkwOZES0ThHz5Y6LdPBObsFsDjzr0w5v5f3Of13vTgw+6o5gVcJOlbsSjmX2xE6l3C2ORH6YjlSUHU6X56POhUYFTlI1JU4q1eZOOonYTo44Vk6xfh4OmljsTguFwE5gcHlOHOttziC7605hhpSOvo8fDoUcqA6HZxeOhUjiTqlRQU5NoghOjFM5TowmT46wmfwOn/WDjvoN686ne+DOgNpkjp5CK47UdNIOx9xtDqATQ86zl0UPC57pzoVbDg8PK/WPdO16TuOPCk9UCYgOyuiqjutUg46iPaWOrF96DrauUc6EN+DOBLLMzht9x45lORaOWB95zhFX4I4EGkZOrTEujiibLE47KA9OYepTDto3U85zmL8OfrBOToHDR84oM5uOKfL4jj16Ac4ppqoOEzsjDmQ2u83Pk7ENx2nsjcnuzk5/gL1OBLLkDn2lbQ8uCXhPN2E0Tsf6ds5Kw4RO1E8lzuIsfw7qJyRO5h4yTpub3Y6WQWCOgfRBjvpJtA63y2xOp0FaTypFsg6KyjNO3mWYTuxXbo5IJD6O4xA5Tn0hvs4hsoTOTcqijl7/z05u1XsOGYn4Dg5ECk4MT0jOJ+0azjDO8M4G6KXOMqMjzh+PAQ5vZ3OOIlLlziie7U4X5bROOKXYDhcCrs4emejN+Sc1jhwFwc5eoa3OA55mTmF9yA5AlKBORe7gDib/Es4e7bLODAhIDjKnNE4uEvpN7O+WjihyeI4AXKGODjebzj85uU4YEG8OOLYbTjNK7I4LOCZOFlNSDiAJTA4ucLIOLMFpjc90dY4Li7wNyGGMjlJuD44kg6QONpDeThRqFY4IaxjOJmyJzj5/9k4F8g8OGRfZTiKqT85pffbOIaWjDiSajk4LlwkOZH2mjjoHrs4IjzvN0XbOzg80q84StdIOMUG9jdPrwI56UijOFiaQjiNFwo4iRiNOOJX/Tifuig5ddDOOFzAMzkJPSM4CmxrOXHqrDiHAq84tlCMOHlEpThSOl84YRZxODRQAjk2ieU4SOMDOYSFgDmLx8U4AVOdOP99SjhW3Ic4mK8ZOKWwajjSPPI3PjnbOM+JhTjO9rw49XE9OeJWJzk1Mp84kDM2OQTqGTgDqqY4CuR9ONjknDdpjuQ4Bnx7OBk0nDlmJxw5ZsirODbe2DgFLjA4pDCjODKkbjh/HR058c6rOJMykTh4K104a3mqOM0ZTTn1GLU4cuOTOexXgznD+WE5lUF3OVUwjDlBQIw5/a5nOTZBcDkgTBo5wzWTOeE36ziuqTA5K4lsOaxkjTnba5U4U8UmOWtrMDmLk8049eUNOZ9v7DijPc04CMO9OQegAjg2uLA4I0S8OOTFDzh19oM5+rzEOXLUdjmzTpE6GxzHOePdOzo+ajY6dWY7OUXdljr3FsQ6kGkOO3sC6TkkKqo693jsOmSJTjokuQM64+yNOqJcqjt2G5g684tSOky5PjuXepg7fNuoOmtEHDo0lXs5mMjbOd4eyjkbyYs5BaSzOn5mkTnk5N84dMCrOK2ZTjnf6ZM5kWu4OCDdJDmYdJQ4jWwtORy8XDnZ3wE5hWCWOOinITk6pkc5lUNEOD6vEDiJYtQ4rIeTONRMmzjszIE5A4D0OHTI8TkwTIw5NNKDOjj6GToZbZM5qUh+Oa7t+Dn2IN44s/vbORJ8Sjl8H6U4P0oqOdaO8zgeHks4n7msN58dszjDBpg5pZWrOeeghTj2IE45ipRUOVo8sjmcppw5oVWwOHMd+jgN1WU538gpOrFu4zkoaRU6rQ61OY2VZDmc0K45IUshObUUhTrNEoY5dGZtOaBABjn5AR44pWJzOJlzlzg8N3Y4KQXYOOOekTjHo8I4pa8rOGAOCDnIjdo4yURtOYQAzTgup7M5cwx3Obh0MDm+oxQ4mHCAOGI3IDo5lQA6Ke22O9qSazw6wbk3fI0YObb48ziMvSg601qhOMVCYTj7rx45NqmJOfIRIDnxWv42eJuwOdVmUDsEPLU7qh6+OeSegzkHZ/g4RYfpOKQXfDi1+Z84nhleOXPZjTk5U4M5Xs51OGXqDjrDJ7g5aIGqOK13oDn/39k5RwzrOGUPBjmfl4k4lvDmOqjBAjmTCL440tKUOUdwrzh5aak6lpKkOfPm2zhgGIM5SJiGOglK4Tl1jh46l3/zOOsnqzjy4pw5RuThOANhFDnk7ec4p8V6Oj/87zgwFaU4wgU9OKnLVDi9fUE6HnFJOO4rgDkVcFY4YtexODdhmThHD8g4wP9FOOny9jgKDQY4Z9VIOfCQlTj8KcM4EH1NOgivijivOD45XNY/OPf+DDnGPYA4PypUOGW6JTngso05gEkzOPqHNTmw/0M64KQaOWyyNjmcYwc64AAWO21ewzmjMYw4MHNhOaQWtzjzKYE4hS2pOnryETi5rvE4lU8COifagzkdj9Y5QEZ6OG+e7TfJhTI50DwBOZ0NJzk916Y47lDdOZWKHzqJC2k5zqkUOD0WSDpxe2s4Fd8SOy96Kjk6TRE5QrgOOamOvzjEAKA7Z9PfN7MJlDgd65I5A+wWOBKXuTkrzpM4kCUDOCBPDzm1wZ44YgBGOYpKpjjOd5E4JQ6UOpKBuziKl2I4Ye6gOOwSgjop2Es4bJTaONj/UzmHfzM7NqEzOKyiczqjyv84TqupOQioKTkUzNk3/YfQOSk/nDklhhQ5XJ4VOYd0wzuOojI4y8IMOpXq4jiqTKE4yjl0Ojde+Tg0sGc5uRgtPOrsejllLFk5qXeVONPTITnY3us5X/kmO8ZgzTd6Ft04nMsyOLeecjhd0yU47DhCOeMEjzhw4J445yV9OebmajhnJeA6Ql1LON1+gDkZEnY4/2hgOQocGTiLBq843iF/OL+i1TfGvbY5abSdOdaQgzj4Uvc4O/pBO4TZrTjv8Sg5pidMOePMEzmVK7k6oUDQOecdbDi5uC05CxGJOp+NXDk7aMg4MBm/OWYQSzuPyso4tJyhOeI/Pji5gxU6WQVbOVdmUjlQkWo5a0cnOPDNxDj1/EI5dHYkOdx4+Dc4Lro57zOlODlDRDmzH1A6vLOVOIopmjma03Y5Thy9OcFNBzkDtVo6nUMBO1NcoDhjxHA5ws3/OesNKzk96u456U4xOrgiHjmDM605O3hPOYThgDpvBAY4YDrBOYsj8jjH2Yk4GKDBOJrpGTmBGpk4tR6dOTKEtzhf7Z44GOdYO59i5jlO0rc4N8oHOZ6Wizi3wTQ54PhYOkLd0Tg2KnU4LkHON4v6mDgwPMo4fyB9OIaYIDs64Hw4OW5FOKFDIznf6Q046riHOiI5/DhnpJc5j9FaOF6YFDlE7CY5pOSUO+1IEzhOe0U4d2u1OAzE6TiJ1Ns5CqbfOVc+Rzgc7KI411JUO7KQfDjtJRI7IEDQOEA9sTqqVSE74LwmOd9JwziJucM45Y5TOSgn9jcnJSI5dDyLOKrncDhKy744V6qfOGvKSDkL1Yo4hZkkOfsCETqMl6c4zocyOcjWETkA2Yg50GSXPKKv+DiBLoc41N/LOH7sKDjm5rs4nrj5NxykeTkxd805lh1WOv+WLTqagNo4BgX9OLDIhjlkxLI4UigDOdciAzig/ls6cWYXOsyk2DnN2bg461WcOUtBFzqMig06ZGtLORHjEjkzm5s503AyOZdsuThZde045ycBOlynZDkaOAs7DeG3OF81iThP4Yc5uIjcOeTzaTg+yL83d0iDOfPLmTf0Rnc5P5QYOF1FRTq8Dts4dYDCOd8hCjlsYCc5NCs7OhvxkjiWijY4VoYgOr9fATk4z3w59bEuOjHtLjlPoVo4/X85OWiFQzlentU5PMe+OaijtTeSKhc66SFPObhDAjma4NI3r4eOOgxNijlF/S07EaEXOVcFlTkWhxA6vtfNOfLEnDkZ0N43h1osOQXO0TlrtW05n+TJOeXULDqPl6M5CFQHOhlKrju0r0Y7HHMqOA2g5Tjx3uY3NwhVONNWCzkQq3Q4wL/hOEtCVTkGlwQ5HqzVOEHv3TkYnkY5G+OZODH+GzkpASk4JucxOCXEvTkmCyY51Ta6OFV9hjk7K+A5IZpIOdvHQjlhBpI4AfuBOFNKCzoK1QU6syhEO75jCTmuCjY5YMvxOeak8Tk41EY48mMIOi1I9TgmhrI4729UOXxHMDjPpI85vLK2OH02gTjiIqE5XFyRODgOmzk4r2E4iuiIOPX+0ThsDIk6RU4EOlbkBDlUOtw4ZCfXOQ+SGzl+mCw5pD49OeFcOjk5ims4UDfkOP6RMTkmYJc7bCSNOx1hEzmnWK45/8iBOF/Z6jg7dQg5Bn9zOejdYTqBgxc5aJJoONeFxTm3NJk4tlsZOOJ14zqwyMI4p4ybOMivvznjXww6sBYxOlMQpziUEgU42a9ZOKUQ1TgQ4Qk5cKiIOLRsuzi3wck5KrdmOph/aDmgIWE4R3foOA9reTmWA3U4Kcb3ODvymDm/2xw5BdQ/OLUCXDm99T45lN+DOOn58TjgR3M4WDPRN7HXGjnaEsk4GeR0OcSpJTl3GiQ88YJMOlEu9TjeTAU8LVAsOYoX5DmRvXg6a4KtOKrJQztJxDk4CKVROhJpuDjvVI45FDkhOBfvpzg+K405RQ1MO2s0HzhgQLM5LEgtOSaUdjgjmFE6XetkOd37ejiEwCY591XiOMst4zgKZcE6dJBwO3Dv4DlKFB85GI4LOJHqkTh1uJo4bTokOIqmtDiu6MY4ygAHOhWeRTghc/w3L80COBaOKjiiHCw4vaVEOLB3mDhAwQA5YMSjOBjuLDiDf4o4Mm8mOH1tTzghhAw5R6YnObkvNzlaeSY5hyNPON8DDTpzjuw5jILAOR6gDDpPeY85EqJ0OTtUTDrLYpU4FsiMOfIiBDrFWNM5xzNCOLqokjitKlc4f/yfODeMHTh7IDQ4LwGgOJY2UTrARvM49VB9OZgmDTl7Vnk4VHOrOnwFbzkYDk84dzIBOvo1ODmpXt056mP+OZKQmji33YI4dckFOq0ttTgNxyA4UXoeOsDsUzqGsVs5TkK7OCwmFTnldNs5iwBJOiQhBjrlnzg4eJ2AOOcCIDhGaI44qTAVOFniPjfSWiE45S0UOXCDqDk="
  ]
}
