{
  "id": "test1",
  "modelName": "inceptiongraphdef",
  "modelVersion": "1",
  "outputs": [
    {
      "datatype": "FP32",
      "name": "InceptionV3/Predictions/Softmax",
      "shape": [
        "1",
        "1001"
      ]
    }
  ],
  "rawOutputContents": [
    "4O+fOOLlhDjqdOE5/d5+OmCNhzmn1oY6KvZpOcKrojn7NgQ7ETBfOiamhTqAXmg7urepOzrnfzwh75I73UdnO/dCRTyrW6Y8r6/SOsVglDzCRaQ7wMCWOiZGDT6sN/g8H96YPHe1bjunqMs4WhNNOWzRGzlhzeQ4xY2tOJtELDmQcIE54EhNOIgqzzl9SF85OsuvOH4Gdjk/vJg4+BYXORntpDkMfg06DmpDOdKc5zqgssM5TwkwOTHw0DhjxZY6M7/BOefwrzjFpUw50YT3OR9vvThU8Ko5xkcJOq3ESjk+wBE6K162OcvYYjlfKHU6AZOPOgUUFTlOwJU44jyZOLcNYTqGx1k6WNp4Or44sTj4/QA59InlOBKJtziCw605BgdSOpr7ezqeTqA6c1deOoYAiTqiMwU5VmUhOjko5TqNez46EFXwOo7EDjvWEK86TNeDOuZokjol5607z7dIOy1ntDqJSg86g2MUPMNvpzp9Wzg8NabWPXu36TtGMSk9qhYgO9OwqjuuTw46wPyWOpGB6DrWwEc699ODOJ2oMzh28R45SMpaOdNy5zjZUII43mMZOkDAujjnUrE4GpI9OZCtTDup1085KUP8OZSvOTov7B44nr5uOIu/4ji52gc4pX+oOEjKjDkxw+83tDXEN0WFsjehkDk5Ps70OCq5kDnhpLQ8r0rhPI2Q0Ttf2ts5DvoQO3I3lztQmfw7jZ+RO7x4yTqjXnY6wgCCOnq3BjsIHNA6FxixOtP0aDzV+cc6fSrNO7CzYTuHW7o5fsr6Oz5c5TkJoPs4yNATOSI3ijlY8j0541rsOI383zjlASk44CYjOAV+azjIIsM4mpuXOA2JjzhFMwQ5NZLOOKY8lzhXbLU4eXzROONtYDgCELs4K3GjN+6M1jiqFwc5yHi3ONpbmTkl5iA5LU+BOTGmgDhb8ks4gpHLOHoPIDiJb9E4eD3pNzW1WjgfueI4GmOGOA/fbzhg0uU4VCa8OPq8bThQGLI4hdyZODQzSDi+GjA4x7XIOCnspTeAudY4JyLwNzuQMjmOlT44lgCQOFo7eTi7lFY4JaJjOP+iJzgl9tk4T7A8OAxDZTiKjz85NevbOOuDjDgsSDk45lAkOXDhmjijFrs4vR/vNxrEOzjyzq8477hIOM/X9TeilgI57zCjOGF3QjjT8wk46w6NODBP/Tjsqig5aM7OOOKoMzmNJiM4w0trOUHxrDhI+6444T6MOBZApTj6O184CxBxOC4/AjlbfuU42NcDOQ5wgDlz2cU481ydON2BSjhn14c4Jq0ZOISXajheLPI31irbOMaDhThY/bw4ZG09OXtQJzlbI584Ayc2Of/1GThLnKY4HNp9OD/fnDdKdOQ4jGp7OMwtnDkrHhw5sL6rOL7I2DgCKjA4jyqjOMWMbji0Ax05vMOrOOsqkTiSBF04e3CqODoUTTkwBbU4C9KTOehYgznq5mE5VRx3OU8YjDkkMIw5rodnOZ8ZcDl3NBo5kDCTOZUt6zh5nDA56HZsOW9bjTmPX5U46rImOYduMDmgks04K+ENOehc7DgqK80436m9Oa6LAjgdpbA4Rja8OC6/Dzi55IM59Z7EOWmcdjmTNJE66xDHOaq6OzrhUjY6pzw7OWbWljqb9cM6vVIOOyvX6DndG6o600jsOmdXTjrBlwM6UdSNOqk8qjsLA5g6RmNSOm2WPjtUXpg7ObGoOkMpHDqHhXs5oZnbOa72yTndtIs5GIyzOoFdkTkBxt840rarONZrTjke25M5PWK4OP/BJDmVZpQ4TlUtOQm2XDlIzwE561iWOOOhITlliUc5jyxEOLGWEDg6LtQ4imaTOIJdmzgSyYE5Znv0OMnF8TmBQow5ReSDOib3GToHZ5M5FCp+OTze+DlqKd44b+nbOciASjmeD6U4NzAqOcp08ziIFUs4y6+sNw/3sji1CJg5gYirOSGQhTirDk450ZJUOV9Csjmdmpw5RDywOBXi+TiGv2U5NMMpOvde4znXZxU6p/20OcacZDmj1K45hUwhOaQZhTrFDoY53k9tOUJBBjlR5x04PiFzOAVplzhTLnY4efrXOEOIkTjnkcI45KErOBcRCDkpgNo49h5tOdTZzDhQl7M5sf12OZRtMDlymhQ4rXuAODVMIDoGpwA66f22O8evazxWprk3rYgYOf8Y9DjUqyg690WhOENDYTjTsx45A7CJOc4LIDkrXf42XY+wOWqLUDs/T7U7cRS+Oamagzkgd/g44XLpOG4cfDgfBaA4HSFeOebIjTmuU4M548B1OEbcDjqMNrg5g3iqOB5+oDkzzNk53ALrOFcRBjmqmYk4/wjnOuq/AjmFEb44zuWUObpqrzjNaqk6K3ikOXDV2zhuH4M5vqKGOixR4Tkxhx46uJrzOLwyqzjO2Zw5+8DhOA1fFDmj7Oc4JLF6OosX8Dj8B6U4pxE9OAHVVDgJk0E6uGhJOPovgDl+XVY4c9CxOKRemTjc/cc4//lFOCf99jhXBQY4mNpIOWGGlThaH8M4dItNOpCbijifLz45rtM/OEALDTnQPYA4NgdUOG24JTnfwY05pV8zOH+YNTm+EEQ6qaQaOZu2NjmBcQc6VhYWO7xUwzk1KYw4inZhOYAttzhOIYE4vTmpOnTpETgOofE4lGMCOpzlgzmCttY5bSh6OOyH7TcNlTI5/DQBOV8BJzno4aY41DndOeKXHzpAI2k5eq4UOMQnSDrGf2s4BOoSO4d5KjkWRBE5J7AOOVqGvzj+DaA7EqXfNzcalDhw25I51fYWOCqjuTmH0pM4bxgDOMdSDzn8yJ44wP5FOctPpjj/Z5E4bQ6UOqB2uziqhmI42uegOAIqgjpJr0s4gI3aOI73UzlqjzM7xZEzONCdczqGz/84/MCpOXakKTkYxNk3vF3QOTFSnDmleRQ5VpEVORNiwztLlTI4U8IMOvbh4jhRRqE4wT50OkxE+TiLrGc5BUItPAD8ejlNIVk5K2iVOL3WITnh9us5ggcnO946zTfN/dw4WbUyOHStcji01SU4qSZCOTH4jjiz1544wwJ9OafAajjXJuA6HGZLOGWEgDlHEHY4AYxgOVMjGTiwC684CAJ/OO6q1Te407Y5JKedOQWSgzj7VPc4pgRCO6a/rThw8Sg5x0VMOUvLEzkZH7k6Q1nQOaITbDinvS05UAuJOjinXDmRYsg4Vf6+Oe4+SztXsso4cKWhOZsqPjiZdxU66RtbOU1UUjnWi2o5S0cnOCfBxDhC9EI5SmskOSFZ+DcmSro51i2lOIsuRDk7IlA6vaqVOHM8mjnRwHY5Iwy9OXFDBzn5wVo6wFEBO/BeoDg42nA5Qvz/OZcUKzlU5e45CW4xOk4iHjnjMq05z3pPOeLpgDqoBAY4K0PBOdcr8jgd2Yk4b47BOBLYGTlS8Jg4OSSdORCTtzjt7544o/9YO4ls5jmEyLc4l74HOYyAizjcyDQ5uyJZOh3l0TjIKXU4qyPONyvpmDj5Oso4BwR9OGuiIDtRunw4HFpFOAY5Izlj4w041sqHOlU1/DgnsZc5j9BaOAecFDmx5yY53OuUO4EjEzj5gUU4Ilu1OKC16Tg97ts55bjfOQIxRzg45qI4j1VUO4p/fDh0JxI7PTLQOPFKsTo8ZCE7rb4mOUJTwzgFqMM4SoZTOe8f9jcoIiI57jOLOJjgcDiSw744z72fOJK9SDkWzoo4W64kOQMHETqlhqc4XZcyORXhETniy4g5NXyXPHWU+DiELIc4N9DLOCTWKDij4bs49rb5N+q9eTkZg805TA1WOp+iLTqdcNo4lgn9OJeyhjnDrrI4Ah0DObUaAzjM/1s6i3sXOrPB2DkErrg4o1icOb86Fzq7jA067lVLOX37Ejnpo5s5VG0yORZguTiMX+04TSsBOgziZDleRAs7P8a3OCwmiTjS74c5LJXcOd3faTi5wb83I1iDOfGsmTdLSHc5KKUYONldRTrXBts4N2/COe8qCjmwZic5RTU7OtvTkjhpczY4d4UgOu9nATls/3w56q0uOpTdLjmuh1o4OHg5OSiVQzm6stU5bdC+OVqztTclMhc6zyZPOds5AjnL4NI3MYOOOolDijmqDC47zacXOVEDlTlujhA6pN7NOefAnDmax943wVwsOTXY0Tl2y205lf/JOQXXLDqKk6M5QmUHOts5rjuxz0Y7m24qON6Y5Tgmw+Y35g1VOHZMCzlEvXQ4EbPhOHY7VTnnhgQ5R43VOPf43TnxmUY5FtmZOBkVHDkx+Sg4odsxOIrBvTnODCY53zi6OL6ChjkXEeA5G5ZIOUHHQjkOA5I4D/mBOCNXCzpE2QU630NEOzhrCTkZHTY5cIzxOcCT8TmwwkY4tnYIOgtf9Ti+brI432NUOQtDMDg4pI85LZK2ODg6gTiGKKE5316ROI/7mjnsr2E4+emIOMUP0jh1Eok66lMEOmfuBDn+Otw4A0fXOUCQGzlulSw5ZVE9OWWLOjncbGs4myHkOJigMTmZd5c7kjiNO9JZEzlNV64589aBOMjO6jgiXAg545ZzOYnoYTrdlRc59ZNoOBR3xTlBFpk4XEwZOGq+4zqQyMI4nZmbOMekvzlJZAw68iUxOqsKpzj9EQU476tZOPnr1Dhm2wk5U5eIOMRbuzijwsk5VrhmOnWbaDkzD2E4GnroOIJzeTkDDHU4pc/3OJL6mDm/2hw53+Q/OAAdXDme7D45VNiDOM748TgwO3M45CnRN8nkGjklGMk4bAZ1OZm5JTkIFiQ816hMOrIp9Tg4XQU82VssOaAQ5Dma03g6MG+tON7UQztQyjk4t8JROiJmuDinW445ODAhOAbmpzhjO405AiNMO0swHziCO7M5CEMtOYZ2djgQq1E6zt1kOXrkejgluCY5K23iOLMe4zihhME6ta5wO2cM4TnHAx85JokLOM7rkTgOtpo47iEkOIebtDh+5MY4/g4HOk6qRThgbvw3OsgCODSGKjgEKCw4AZJEOMGMmDhbwQA5AsGjOC/yLDhqgoo40GMmOBV9Tzisiww5BpYnOQkqNzllXSY5MwZPOJkKDTr6kOw50nnAOYqcDDr6c485C6F0OTlSTDpwYZU4WcCMOZ4lBDp7Q9M5jzNCOJKfkjjWIFc4dO2fONOHHThgHzQ4DASgOJA6UTomN/M4cEB9OZAvDTnWXnk42X2rOmYTbzml/E44XzMBOgk6ODl2Xt05Y1z+OdSbmjgo4YI4YNoFOkIltTimyCA4i4ceOsTLUzrznFs5fCq7OFopFTldeds5APBIOlkxBjoNgjg4noiAOJH3Hzh3XI44HCcVOODhPjdJOCE4dygUORt8qDk="
  ]
}
