{
  "id": "test1",
  "modelName": "densenetonnx",
  "modelVersion": "1",
  "outputs": [
    {
      "datatype": "FP32",
      "name": "fc6_1",
      "shape": [
        "1000"
      ]
    }
  ],
  "rawOutputContents": [
    "27bswf2ZFMH021jBU3gZwn8znsHxVEfAKxIFwtdEScHn5x7BVHiHweVXF8FpcN7AmjkkwYrCrcG+8U/BI3EIwZBg88CMwj7BhNsfwdTK7sHEhW7BWblvwXNzP8FVNKTBaR1UwYqIucHSFATCeqr7wejmpcFrwszBLrHcwWSyvsEQKKbBBiRewZQrrkD+k4zBJtDfv15Nzz+ygw9BkH9kwUHKXMFlThXBKS+SwMKRfcEiIYfBtiVKwRkFKUARIkPBBunpwSoswMGoeCLB6/ONQE3iUEHkaO5ACL9PQHz7DUBTXPlBYS/lwPSNasEPXx49Iv3YQd7lPcHGbHTBEeypQO7hI8GR0IfB63gfQRFOAECXBs0+AKruwbjrScFm+MW/m28EwTOsT0Aq1a3AS/4UQbu86b8F6Q5AbFXTwMznC0Fy3wvCpqgJwkric8BEbFjBJVARwvMWA8L/DIbB7gNfwfa6h8H9sdvBL59/wQiAC8K1HYjASs1DwdJs6D9QfLrB6nuNwJ3Az8Ddt2HB6genwM7L3sCKnAnCUVDQwUfQAcIo6JPBX9m0webJCsJbZ7/B8NBWwZP6CsB1gSTCoxNSwQiU60BU9OPAK++rwTsXvMHrAgbC6cWTvn91LcBPIYnAE6aNweVbFj/bGI1AAflxwbfNAsHz6frBUkmFwQxoz8GvkKPBEnqXwWmZTcHYDAbCHAS8wWH7ZcBHwgTC/HNCwfBEQcGITszAqaUCwjCVpUCLVpjBu57dP5ZRQcHw7mrAcqLYwSIUsMGmaZnBQ4C6wcdn8cG4xePBgNa6wbxYxTxYs+lARv5WQUaHTcA6SyvAHdapwML9KkICmLG+ttHdwDuvMkCqaIjAnG+uwOVz2cBLTKbBi512wLLR1sFTSZrBrlFhwa32GcFKOsnB+Fl+wQB6p8Gv3DbBpTS/vyBAJkFgi7K+VptbwazeDcEPiJPBqtYLwvPJ774G7YHBnLANQbkmo79cZxrA79sNwN4MCkEaVEBAZdgSwRpeTsDzXjlAAKxSwNsjlkDtdJa8HTc1wb6vUz73X/xAhe7hQIhx8T8m9ohBna6EwGy4V0Gy36+9r+qtQMHNO8GB/KTBxmQ0wTgGk8HaFZ3BcBikwe8O2r/7ssrB4icmwZS5LcEQfXHBw8AJQcD0v8D/aR3BH1VmQDLtS0FLhilBGb2nwI3JW0DbQh3BtOPxwI3OrUFwTii/FFhiQaRTF0HasJNBCwUDQSIlp8C8J49AMB8iwe0LmEAXzdnAC2DyPw5PTsGP9mJBHguUv05yj74WFM7AVJAVwU8HukCvmc5AA4KBwVSg/cD+ZJxAdmSHP7EMNUAcbDrB/nmswMBk1kGylJnA41B/we3xm0AC/CzBGYj8QEpQzUCmivs/CwmbP29/5L5fdYZBGLK0QYTCp0FUr2ZBcfGlQW6trcHijZ7B0dPawSwzYMH2kznBvEKGwSZT78ArgybBvOrJwZXUPsB+ZMDBPQwzwTygnMHAv49BMVYVQT6tmz/yOb/BVTF/P6Ik5sEIpf7AygkswSz0hcGemZrBQDKTwTQ1icEKl2VAQ/e2wbyI88ENLL/B3s7BwU9Em8FPndLB0+EDwU5eqsA2mWFAEbFNQWeGkMFj5qLBkSfOwOCDq0CeQPbAyDODweG2uEHROkVBybygQcyLtsBUO7TAy4OtwBjrEMKCyprBz2p2wfPIWUAxrOrAA2wbQetpkMErzJRBz/OyweUnE8FN/7+/UeqKQf+tq799/ObBH5tBwNWQsMD4sdhAYEfHv3xR1MH2iDrBIs4Twvr5BsKs35TBKIfIwWhkZ8G+p9/B4m20wWQ3HMK79RPC0eICwsF+LMKAv/XBjdLOwYrdEMJ8bf7Br7gFwsRtfMEYyjPBthy0weJooMEz7KvB80aWwTZPU8HQYATB0WEOwveAn8FY5QvCLWgzwRVZLMHJ1DjBSGjNwYxtCcGOUx/B4ZpBwS3p+8G/X+zBAl3gwPxwGMHT2uzBKjodwkRqBsIXHYXBSGPgwNX028FMszXBs+DVwfrPMsBsaYXBTeK7wVBJy8GHtZfBIsZWwY9BB8Ka25jBpC9TwbwgFMIhokTBwweKwU/vgMFzhcLB4/WZwV7BvMGVYPFBCtdXwVDJrEDcNYpAd8RDQZAF2MFf+BxBWy5GQdReV8HcX5lB1BUewQbfg0KrraXB9nBuQdnCiEE99fA+IHv9QA9GQECnPtvAFN8dQjMNt0GhG2Y/bjEKwYIJjzzBZa9B45XjQZLCo78Gr6rBls9XQWjgfkEZ5ylAO57xQCmJM8HG2gVCl1cFQQ6j7sFi0f/BQgC2v/i3rUHIj59AnBeFQWhmj0BPBnFBBMyxQdEqfUFzV5nAbBrtQLDwUz+P1H9BTbkOQfwbIcFGD8nBck8NwH3IEMHIMjXBCtOqQM8mVkH3NJe/gWqoQRvnMkLWYqzBuIZPQXSjTsGHAdtAnqajQJ7iqEEdodtBPXETwdtvyr9WE1jBxm2FQYa9jEFL8blBfCYPwbOQMsF/Lp1AfRuEwZcZQkEAxQDBNIUvwSXVG0CgGThCumI9vs8bw0DxXDRBeSPpwNZNh0Bf08tBBAkLQbOrykChcJtB+qI7QUl9xkBtBGHBMdQawefCB8GjuYJBBEOPQFj9tMEtIg3Bzv63QSCytUAjh4jBiSeFwb+vqr/FJgBCR4RxQupIVkLwuBxCHzP0QA76VUG+QUJATAJvweCGaMC/XXNB8gXaQDQwPcG0iae/sLYJQgtGnsAJst1BemxkwXBtX0Fx89VBe+PLQeiDAUEyskC/FkDDwKF/BELbCRlCp/DXP+7NnMHhtmVCjoaXQRhqHkLooBs/SdXDQXTD6UFu7JjBGYGRwUsNw0GihXS+RwvYwYgG+kE85chB78UqQkwxwkCFMvJBtvWBQciLq8FDkStBd4CYQQYVTUIg5cxBqQWAQbgGl0Hw8jDBuC5eQb2yGkG1qZ1ABCPvvmp5L0K//LNB/YwrwJBX1cDMYtNAJMMtwVilbkFK49VAAiu8QbUUkMAyfpDBao1TQW99K0G7g/JBLSoXQCCC7kHXCxrAEMhMwY89vkHTTWFBEIdJQPdkQMEzUaZBAQuAQSueUMBQuOtB4QNVQSAOAUF0k29AfiKSQQIT1b7wUZZAUlUNQV5Y7UDJQL7AINiPPz8TScG0W7dAqc6bweTVwUGheclBf5/RQXTzWEFxC8NA3STiweQIx0EqWRtCk2GLvw6WIr8HfLZAYUrGQfRxE0Hgycs/NI3WQHGFEkHKbba/fNF4Qf68AkJRMx9BMlP6QCyQcEId43VBhUJMwS7al0C1Ac3AfBSjQe9ThcF14jBBOxCcQVfc28GFaDZBepEBwYialEH6WEBCxbRWQdngEsIs9r9BscIeQVPWGcDzb+hBqjb2wBLPpMHMnRhCMd+xQQbYAkHAKdNBQMUwvlsq1UEmwMZB2r3swE4EDMESnAFCsMfHQQawxsC9YDrB+kqBQRMvIkEVwSBAHUAZQT8RpUGDLaxBQF+2wQbYGEEih2rBuwjowBaD/UFc4uTAiAVOQZTmREFm1qnA1fFSwVj7JEGJtQW/TWahQHKEvEGwrfhAzWcGwnhpskFWsIdA4xBKPoy1ikFR0KhB8kEGQjcTU8Fu/IxBN1ltQPyOhEGL0h0/zmpAwct0ocAz1ZLA7/j6wQOB377OH4BBEPwXPwyNuL/efIM+NdVJwNFd3cDF2//ARLSmQPfkaMBO3qlBf9GwwDDtZbxd9MQ/bzadPzefI0GCOr7Aw3rSQH7LtcDoHetBAaWHQYSk6sAwn7FBhjikQLVFAsLrgTrBgwq/QYFueUE+nQQ/6DQkQbJshEHWZ1NC0U83QiLgZMHMaARCebIewToR20HlgxzBGB7cQbgXvsBg9xVB4T66PuKz3EHUwGNBuIDXwKue8UHOskBB8lcgwJ+iukB5gSPBeSmmwTrg2EEGT1fBzJAwQbENmkF7tJZBOYy6QYxltcGDQbM/SwfWPgTbc0EjOt9AJpP6wOKRT0IpyOS/PuZfwWMLJ8APKJpB3ecoQbWU08GS0dtBEYAdQfuQAMJLx8vAlRcIQmg6A0KaJAvAtGinQbxAm0FcNDLB6qGjv6CheT8RpvVBwIIPQR5zXsHhqx5ANLrBwMZWt0EkeINAFzknwXnuBkLUyRNC/2B9QQaaWsFf+YNBjqcGQXpMuUFKOjHAeyFfQWxSyEC+IGBBUPiuQeSrnMFm4GrAOCSPQcwk1MBoJSfA6w0DwTCrP0Hlp6RBPQYVQOJWPsGZBEPA/eqHQegDdEEu+pG/g0ueQcTtGr8Zx1xB5Pb+P560hkE+CRLBLKqoQdPnJcFiYwRB5wiiwCKQlUCPlTtCoUoEQUH1XsFT74FARQ3SQUqMokFoLF9BN2rywOrGyUG9Q/hBlM/IQS3c+MBB6CdB+VMtQaRsRMFr7ZbBxER9wUuL28HLXP1BNf50QSdnfkH2taBAsYC8QXBCg0Dday9B5U70QIbrQ0Ec+z5BC/A4QqKovMEADtBAyKJqQkUhOEGPERlC2kP8QTnYQkBAFNJAwSmrQCHUAcHtyFPATTGkwVbsK0IFsuBAsgAevwg1DkEwDInAl70bQdIy0D/OsRfBUKRnwQNKOUKRK5TAGH+kQX3dFcG8D7VBF3AfQFioqsErKzBBQqhxwXCY0EH+E4/BG6alQQ6sgsAGAaPAM164QXmUlUFS5ag/kVahwQRIW0FUE3TBgIotQX9OzUAdWm/AsTM9QUNO8kGSeAzB8gUTQdfvk0F0poBBVc3LQSDHFEJ0xiZC5zDRQLa8AcFCHCNCTH27QaGEQ0G90FFBxDMiwcvnjEFD8bVBIKPWQTzjzD8dJe5A3oIkwQ1CCMKGEv3BgJ4GQG7KQULfPA9Bi5ncQeLm40GyGNpBFAElwaA/UkG2njRB94ilQDw5/ECCdPXAxzgLwc+GVUHFzIBAPEvWQPU9kEGVWKhBksOvwLisCEHVdRZALmT6viGqwEERZxZB+/hDv4REOMHyX6vBTfItQLZAlD/eEVvA3lmZvhwPG8Fp629BH6emQcoblUEJ7LVBYpqKQZCRV0GUhxHBVysEQjzr6UAXgL1AmfwGQdMib8AXyQlB6aJ0QQm3zcDdTQhB4KAGwSLsRkBeHRvBtVEIQpFaLEL8yn9C4hEAQtSoxsBXt+NAitXiP6StDMHpe4DBvEAJwfaUQcHHGShBDJ4dv4E3JcG+GjHBrjyAwCcbl0GZSlvA6vR0wHtvoEHXBQrCxWOiQX15ib/yi4jB24Bhv8Mbu8F9BIHBoEr5wcN2BcKAk1/BefewQF3nvcHUopJAfXZTwQ=="
  ]
}
