{
  "id": "test1",
  "modelName": "densenetonnx",
  "modelVersion": "1",
  "outputs": [
    {
      "datatype": "FP32",
      "name": "fc6_1",
      "shape": [
        "1000"
      ]
    }
  ],
  "rawOutputContents": [
    "HLHswcGaFMHbzVjB820ZwjUsnsHpTUfA2AcFwipPScEBCR/BilWHwawiF8Hkjd7A5SMkwQe1rcEqzk/BoX0IwY+u88DayT7BCs8fwbay7sE+cm7BE9lvwQN7P8HAM6TBCxVUwXKIucGODwTCmaX7wU/UpcHFvszBpq7cwU6rvsGrHabB/yhewSRPrkCqk4zBZsvgvxqnzj8MjA9BDnNkwVLzXMHrSBXBnHeSwKOqfcEHL4fBckJKwTt2KEDgKEPB9ubpwZwhwMEQiyLBct6NQFfWUEGTeu5AyJNPQE59DUCoO/lBVR/lwJKRasHPVwA9ce7YQVYFPsHCiHTBiJKpQH3xI8GQ14fBWHofQVGHAEBXH8s+eKLuwXPJScHCd8W/RFIEwQcKUEDJxa3Ao/QUQZwY6b8D3Q9Ajl/TwK/gC0Hx0QvCMZ8Jwv9Lc8C8S1jBOUQRwhESA8LQ/4XBxR1fwfiyh8FMsNvBgn1/wYlyC8IfBYjAIs5DwTpc6D+UdLrBePiNwKzlz8BpkWHBx7GmwFiw3sDRkAnCtDzQwSvAAcIb25PBt8S0wQW5CsKhaL/B9LZWwd/FC8COdiTC8+VRwWeP60DU8+PAMu+rwaIPvMHk9QXCyVuSvrttLcCMGonAfKGNwe0jFz8Bg41A/b1xwbaqAsGX5/rBIkaFwUVSz8H5iqPBJGmXwcJQTcFe/QXCpOi7wTMKZsB1rwTC5j9CwQ82QcGjD8zAmpACwlGhpUCDNZjBc3TdPxQMQcFEHmvATJHYwaP2r8EWapnB73m6wWtM8cFJuePBMb66wTzijzwcnOlACshWQea2TcA6PCvAxd+pwJfmKkKSZ7i+TNvdwJgdMkAZVIjABH2uwDtg2cADRabBFUh2wFvN1sE0PprBlD9hwVEPGsF1NcnBoIZ+wZiLp8H6zzbBuWG/vyI9JkFMM7m+NYVbwQDJDcHLjpPBctcLwmO48L7R84HBP48NQfkAo7+a6xrA93oOwPXRCUGV9z9AfvUSwebkTsCBxjlAaIJTwF/plUDtSO28Ok41wT6dQj4TK/xAzZHhQJhg8D/44ohB8/iEwCiWV0EypL+9JKetQIfbO8Hf66TBsIY0wST5ksE+AJ3B5AykwZd32r/qqMrB6DQmwczHLcEmZnHBjZIJQXZOwMATax3Bd4JlQFHUS0GzhSlBX5anwO2aW0CpRB3B7u/xwIeurUGA+Ce/J01iQRJVF0E/gJNB6+MCQbJVp8DZLI9AUOghwafxl0C0ttnAu9HxP3MpTsFa82JBlmqTvz5fjr66Q87AG4kVwcOKukAVRM5ABnuBwZqA/cDNfZxAFjWIP5u4NUCIXzrBNbCswERL1kHPiJnAljZ/wRQEnEBZ+izBj0z8QLXWzED+Fvw/ewmaP4dc4742WoZBPJe0QQyup0EciGZB/eilQSSmrcFld57Bs8bawYwkYMH6bTnBsTWGwbdl78B9iybBqN3Jwbe3PsBHZcDBEjAzweSOnMG8z49BnHEVQRSInD9cMb/ByhmBP1Uk5sHwjP7AzdorwcjjhcEqnJrBOTeTwQkficFygGVAifW2wYl088EeJ7/BuL7BwT0ym8HOf9LB18YDwQizqsAD+2BAH49NQa+ekMG06aLBZhTOwMFEq0DAJ/bA7ySDwQ+zuEFxKkVBP8igQTZ+tsACbLTAN5ytwGbmEMKVzprBRoV2wd30WUCBw+rAmW4bQQJckMFkx5RBBNyyweAhE8FNs7+/3taKQYtPqr+v7ebBe31AwEV4sMDoqdhARaDGv3c01MEjUDrBJsITwsHpBsJyypTB3HzIwaYnZ8Ffmd/BPWG0wYoyHMLP8RPCFt8Cwjh1LMLov/XB1tLOwffZEMI5YP7BzqkFwsNcfMGUqTPBDAe0wepRoMFEy6vBhCaWwYYwU8H7RgTB0lcOwnNtn8H21gvCdnszwXcyLMFJ0jjB6mfNwdaNCcFgPx/BKoBBwQ/i+8GSYOzB9l3gwFd3GMHH0+zBbzodwttjBsKwCIXB1DbgwN/n28FSljXB4N/VwTnvMsBRV4XBi8W7wUc0y8HrpJfBzOBWwV9FB8I+4JjBah5TwbYVFMLCuETBTgaKwUr6gMH9e8LBjueZwSC6vMFRSvFBNbFXwZrsrEBLVIpAGpRDQV4H2MGBrRxBn8dFQVI1V8GxMplBNw8ewbDYg0Lrx6XBH1puQSbJiEGd6ew+RVX9QGPUP0AbG9vAPdEdQhENt0GB7mc/+zEKwYKKxjyrVK9BCI/jQXako78YnKrBOb9XQeHQfkEH4ClAMGfxQB+MM8H1ywVCOG8FQXKa7sFju//Bzg61v7ydrUEioZ9AeTGFQVyUj0AdEXFBHeWxQVFGfUFbQZnAGvDsQNA1VD/X1n9BRaQOQQ4dIcF0+8jBTsUNwIC+EMEjSzXB07uqQEMWVkH3RJe//GaoQWbZMkIEYazB1IBPQfKtTsFL49pAu8ujQLLdqEGGi9tBjWwTwZMVyr+2GVjBZlaFQb6njEFD8blBugIPwTWpMsF5oJ1AhSaEweDvQUEUrgDBWmUvwVucG0BeEDhCehNEvh7DwkDAKDRBg8TowPphh0CssMtBdwILQRmgykBFdJtB1Js7QblnxkDTH2HBR9gawUbKB8F6r4JB8E6PQJnvtMGbAw3Bw/u3QVjHtUBPgIjBJx+FwTeTqr+5MABC3oJxQo5LVkKvvhxCJzz0QDr8VUEmgEJA7uxuwc6KaMCycnNB5CTaQDBKPcEQZae/EKIJQo0MnsCojd1BinNkwds2X0Fq6NVB9s3LQWOjAUHKbEC/aCjDwLx1BEJ5+xhCq3zYPx+5nMEgpWVCMYCXQbprHkIIERw/bN7DQYy+6UHZ25jBP3KRwRH3wkHyrWm+1uLXwSL6+UFg0shBXsAqQucswkCHMfJB1OKBQXp9q8FHditBmHSYQTUJTUIM4MxBTwSAQbvqlkED6jDBEwpeQYqeGkFfv51AhAnzvo96L0Li07NBM3IrwEI/1cASR9NAUqgtwSSTbkGu4tVA7S28QTHVj8AGb5DBRIZTQX5eK0FxkvJBs+UWQLx57kHEExrAu61Mwc4svkF9TGFBoRNKQItAQMECR6ZBhACAQakRUMATm+tBpt1UQfD2AEHUM29AFiCSQSIu177jpZZAolsNQfZI7UCIfL7A+waQPxPeSMHOOrdA5dybwTy9wUG/U8lBBa/RQfD+WEH66MJAmgziwWIMx0FFUBtCI7GKv97kIL9MmrZAcDHGQRhrE0G4s8s/txzWQKqPEkE6fbi/s8J4QbKwAkJ6PR9BhU/6QN2EcELOyXVBaSlMwf7Il0Bs3czAOgujQQlLhcFr7DBBHRGcQVe628FWWTZBAIMBwZealEG4R0BCJZ9WQXvXEsJT9r9BQqweQYdlGsAvUOhBboX2wJK+pMECnRhCDMqxQR/YAkEdHdNBMMQrvtcq1UHD2MZBKLHswOXeC8HOnAFCi7LHQYSrxsD8ajrBnDOBQfY8IkH8SyBAgUIZQYYRpUFURKxB1lq2wc+PGEEYP2rBJ8znwFZQ/UGL7OTA7jtOQbffREFmwqnAXPRSwWXUJEFdaAa/8U6hQDF8vEHYIflA/2UGwk5UskEO24dA88dCPuWlikFe36hBdTcGQnv6UsFJBI1BO95sQBuMhEHDMB0/VD9AwYlEocCR4JLAEu/6wWOt3L5KH4BBqKcXP3RAt79e3oE+XaRIwKNa3cA9dv/AXlqmQINvaMDVu6lB5rmwwLAdBLzhaMU/V2icP86kI0HVYr7AEGnSQNHqtcAFCutBrZ+HQY6y6sD0nLFBTDekQP0+AsLPZDrBHgG/QUNmeUEeswM/W0wkQbtchEHBTlNCST83QgK0ZMEcbgRC8a4ewf4L20F8TxzBKDDcQRrnvcAX/BVBwS+0PnOp3EGyhmNBm3vXwKiW8UEzqUBBqvcfwN9sukDLfCPBog+mwaDI2EFIHlfB+6IwQYv5mUETl5ZBcYO6QU5ktcGrCbQ/i/PTPiK4c0GJ9d5APXv6wMOHT0IZZuO/f95fwbWMJ8BiG5pBns0oQSuI08Fa0ttB3o4dQU2XAMLT4svAlRUIQl0qA0L4HArAx0OnQYA4m0HqPTLB6t6jv7BSfT+70PVB45cPQbtdXsGxQB5At6HBwFxjt0FLCoNAiv0mwS3gBkJMtRNC72F9QfCHWsFy4INBdsAGQUI6uUGWkTHAiwJfQbo0yEC9JGBBIQOvQc+lnMHqDmrAwgaPQcxl1MBAICfAGRYDwSSUP0Eao6RBvZgVQKtlPsHFA0PANu+HQSuuc0GmAJK/FUGeQfKiG7+GzFxBjK7+Px+whkGIABLBVqOoQfbNJcF0WwRBBB2iwGIjlUAcljtCLkoEQZXrXsHD74FAF+vRQQiZokFeAF9BHBHywJm7yUHNRPhBat7IQbqs+MDEzydB50AtQW5iRMEE55bBHjx9wS9y28EMTv1By+V0QVFrfkGz+6BA33m8QRlBg0BTWy9BW4b0QL36Q0G3Ej9B2ec4QoqdvMFYls9AZ55qQmwTOEF0ABlCfi78QUfdQkDKctJAtV2rQJG8AcFuWFPAOxykwdHeK0IlguBAelQcv7U8DkG7GonAH8MbQXZlzz85ihfBQahnwWBGOUKPSJTAy3mkQTTNFcF6AbVBx5IfQAepqsFwRDBBhI9xwSKb0EHYAo/B7ZilQXeZgsA3sqLAZVi4QWOflUECRqk/UU2hwbwKW0HV0HPBspMtQXVpzUCdUm/ATw09Qd898kHqYQzBU+MSQW/fk0EZpoBBOsbLQXu6FELJwyZCZVTRQOeQAcF5DiNCx3q7QUGXQ0Eh71FBrz8iwczfjEED1LVBi5HWQXLzzD8XR+5At6EkwYU0CMJ+6vzBQNYGQKHFQUIpGQ9B3IrcQbzS40GW7dlBVwklwZ8vUkEMrzRBCJClQC0k/ECqk/XAXhYLwUOBVUHb6IBAeCXWQFA3kEFhTqhBC8+vwOehCEFNVBZA5iD5vq6qwEGLVRZBy3NEvyBQOMGiSKvB2KktQKbAlT+IS1rAXkOYvi0HG8GZ3m9BzaWmQXgMlUEK5LVBOYGKQf6bV0FuiBHBniYEQsLT6UCKLb1A8/MGQfnzbsD1qglBOs50QTrXzcCZdwhB6JQGwY55RkAS+hrByVEIQphVLEIIyn9CgRQAQvy9xsCtjONAqnXiP/+9DMFte4DBxzYJwZ2EQcGv/CdBHJwcv+UZJcH6GzHBVoqAwKgKl0Eh/lrAerp0wH90oEEXCgrCpUmiQcueib9Tl4jBy79ev8kGu8HQEYHBIUD5wQh4BcLMeF/Bl+SwQCDnvcEOdJJAz0NTwQ=="
  ]
}
