{
  "id": "test1",
  "modelName": "densenetonnx",
  "modelVersion": "1",
  "outputs": [
    {
      "datatype": "FP32",
      "name": "fc6_1",
      "shape": [
        "1000"
      ]
    }
  ],
  "rawOutputContents": [
    "HrbswYejFMFm2FjBB3gZwgM1nsE3aUfA0RAFwldIScHi8R7BLHGHwXdGF8HQXd7A3SwkwbHArcHF10/BDHMIwa+J88A+wz7BedQfwQrE7sHBgW7Bm71vwd17P8EROKTBayBUwRKRucE0FQTCh7D7wYLnpcFQxczB8LDcwaiyvsHFJ6bBMCJewZo2rkBqmIzBalngv3L0zj+Kew9ByYxkwcfBXMFnURXBODeSwA2dfcG+IofBEDxKwSPxKEDvL0PBz+vpwQgnwMHeZiLBp7qNQCbnUEHQQ+5AWAlQQCQCDkC6UPlBTzjlwPucasGPzCs9zQLZQQzpPcG0ZnTBZP+pQDrmI8Hy1YfB/nIfQRl0AED3Tsw+qa7uwSj2ScFOosa/1XYEwbW1T0Alz63AfQUVQQQ/6r9d/g5AMmvTwAftC0EK3wvCC6oJwqjdc8AcbljBJ00RwlwYA8J+CobBdhJfwce/h8FStdvBiZ9/wZyDC8KHGIjAMM5DwWjn6D9Qe7rBs6eNwMOQz8DVrWHBTvKmwKa73sCfnQnCLVTQwUnPAcJJ5pPB59a0wXXLCsIKbL/BTtdWwe9XC8CUgyTCqhFSwW+N60BSA+TAm/OrwbEhvMHZAAbC6VaTvn++LcAUH4nAyrONwbuwFT8DH41AX/FxwYPhAsFv+frBTUqFwSdoz8EvkaPB0nSXwemOTcFcCwbCUv+7wVnyZcDnvgTCLnVCwag4QcHuR8zAt6QCwgeWpUCsRpjBptDdP7A/QcF8HGvAWaHYwf8MsMFMZJnBnXi6wR9o8cE4w+PBP9K6wTwnrTzLqelAePlWQaB9TcDQhCvA3eKpwNYAK0Jy+7G+9NDdwPaIMkDpU4jAQFauwNmK2cDzQqbBAGt2wCLE1sHfQJrByURhwcHeGcFuPsnBSF9+wVV8p8FZ0DbBtVK/v3Y8JkFcG7G+wIlbwTDeDcEUipPBAdcLwjPm8r6C+IHBK5ANQd2go79ntBrAE2gOwEL4CUFIJkBAwO8SwQy5TsDrUDlA6ARTwMcGlkDtPL+8/kA1wb4CTj6lFvxAL6rhQNhi8D+I7YhB2/OEwM6iV0EysLa9cdKtQLnOO8EH9aTB1VM0wXD7ksGZCZ3BbhWkwesp2r89pMrBKBomwTa+LcHdW3HB78oJQZDyv8DFXR3B3zRmQKPeS0HleilBdqOnwFvqW0DuPh3B7PTxwCHCrUFwUSa/4ldiQSdUF0HZv5NBzykDQQT5psB2BY9AdwwiwdkPmEBEv9nAJxTyP6VKTsFOAmNBdlWTv66JjL6mMM7ADZQVwZoaukDKYc5An4OBwV6A/cCvZpxAkoSHP/MUNUDmajrBiZmswHZq1kGimJnAcE5/wbXsm0Dl7CzBOZz8QA1LzUDe2fs/uwSbP/eb5r7qfoZBC7m0Qe65p0G4omZBGe+lQeiyrcH9iJ7B79LawfI8YMFfjDnBJTuGwTJK78DihCbBSubJwVPHPsBaZcDB+BYzwbSjnMGwxo9B5lgVQUi3mz/ANr/BnXl/P7Av5sE4tP7AJg0swej4hcGqmZrBjTCTwR07icGEzGVAcfm2weKF88EFNb/BttbBwelLm8FJqNLB7eYDwSRwqsDlvGFAB6hNQTWHkMG776LBpyPOwJhaq0BOQ/bARzyDwa+1uEGfI0VBBbagQfOhtsCqTLTAFpKtwCLqEMJoyZrBpGd2wb+2WUBlnerAYFIbQWNzkME2ypRBh/qywSUzE8FnT8C/YuWKQfsErL/sAefBz5xBwI+KsMAhvthADzXHv+ZU1MFHiTrBUtATwo/3BsKQ1pTBQn/IwUpjZ8Gsn9/Bumy0wS84HMI/9BPCE+MCwqN9LMLdvfXBas/OwezeEMIacf7B6LYFwjRhfME1tDPBXhG0wZ1doMEO6qvBXEKWwdZUU8GkWwTBWl0Owk9+n8Hf4wvCInozwfRRLMHC4zjB+3HNwYJ3CcFXXh/BH5xBwUjq+8GGYuzB6mjgwD5oGMEc1+zB/TodwjZoBsIyIYXBIGfgwDsA3MEnuzXBrenVwRsYM8BYb4XBI+a7wQpNy8EVvpfBJtdWwepEB8Le2ZjBnjZTwT0kFMJwukTB1Q+KwTTvgMGNh8LBEgKawXnBvMFyafFBT+ZXwei1rECYXYpA58dDQfwJ2MEf9hxBMSdGQbR4V8GNZZlBvw0ewS3bg0Ikq6XB+mRuQSXJiEFt3u8+1Vr9QDMwQECNJ9vACt4dQrUOt0HxZWY/QDEKwYLxmzyQa69BlpvjQa4WpL8vqarBYa9XQbTifkH0YCpAU7HxQK+XM8GX3wVCwmoFQXal7sFyy//BzpC1vze4rUE4qZ9AYyKFQaxcj0DnEHFBM8+xQboifUFDZpnAHA7tQCD1Uz/xxH9Bt8gOQaUYIcHkDcnBL1UNwC3CEMG1KjXBT9CqQC0cVkGPF5i//2ioQa3sMkIgZqzB0o9PQaScTsGfG9tAzpqjQNHjqEGznNtBY38Twauayr/oE1jBhWeFQXrEjEHN77lB/iIPwXKAMsEdAZ1AUxmEwfQlQkG8vADBcpUvwccXHEBcHjhC2q0+vkf0wkBgXzRBEiXpwLpNh0Bw0stBvw0LQZ22ykBpaZtBv5M7QextxkCwB2HB2c8awbi0B8Hqu4JBqz6PQCoBtcFMHg3BZQK4QWiXtUD6h4jBTieFwU/rqr+pKgBCwIhxQthOVkLStBxCUyH0QHz6VUFoI0JA7fhuwQhzaMBvVnNBrATaQCc2PcGqn6e/RLkJQjUjnsC2s91BBldkwa55X0Fy+dVBlOrLQbWUAUECVUC/yTjDwBp/BEIICRlCwYLXPyrGnMGjq2VCaXiXQcFwHkIY3hs/F87DQeTC6UFf7ZjBuYSRwd4Gw0Gyx3S+8QzYwYsF+kHh2chBRsoqQghcwkB7PPJBweyBQUyKq8GXnCtBQHKYQQ4XTUKA5sxBmAOAQdQOl0HI7zDBrzteQSSrGkGfw51AJHruvkx8L0KkALRByW4rwDxd1cC6cdNAer0twXm+bkHz9dVAUCq8QQUGkMCDdZDBr3xTQdx2K0Eki/JBNZEXQImI7kFptRnAB8ZMwe0+vkHcVmFBGJVJQC9dQMFVVKZBUAqAQR26UMC6u+tB2ARVQVAPAUGUgG9AAjGSQZZJ1b4CU5ZA6k8NQf4m7UC3Gr7A8HGQP6YKScGXZLdANMybwZfZwUFXdslBTZ7RQb72WEGaEMNAZSbiwVgHx0EvVxtCR5OLvybIIr+dhrZA/0XGQWZnE0HMdss/+YrWQFF/EkHCeLa/E9l4QaC6AkKIMx9BUGP6QD6RcEKU1nVBuTxMwc7Kl0DuJs3ARRujQchShcHp0jBBHBGcQcHY28F4XDZBY5YBwVWclEFiW0BCQKRWQeHgEsIr7L9BMrIeQfuXGcCJb+hBez72wAfOpMHOnhhCztqxQbvaAkHcHtNBYJ4wvk4l1UFgyMZBUMbswMHpC8GhmQFCH8THQfuuxsAOSDrB7E+BQagyIkHV5SBA/jEZQSoXpUEYNKxBbVq2wW3jGEFwk2rB2QvowHqE/UGY2OTAxglOQdjZREGG4qnAAPFSwdkDJUEd9QW/C2KhQKB+vEGijPhA0WUGwr9kskEIqIdAU29NPtesikFx3qhBFUIGQh0NU8HdAY1BZ4xtQO+DhEEDPB0/I2lAwTV5ocDF5pLAp/T6wUPS374RHIBBiDwYP5DeuL/+SYI+PTtKwLtV3cCv3f/APrqmQLmdaMAL5KlBatmwwLCPPLyJrMQ/m5edP+igI0HQOb7ADpbSQLfytcDKEOtBAqCHQaG26sCMp7FBiRikQOFGAsLVgTrBGRe/Qe1+eUE+pgM/QS8kQc5thEFLYFNCoU83QuHtZMGqbgRCicAewdYV20H4fRzBjSTcQSQdvsDP+BVB4Z63PtSx3EEstWNBan3XwPme8UG5uEBBDk8gwDvHukAniiPBCiqmwQzi2EF+P1fBC4EwQS4OmkEXsZZBSY+6QXputcETFrM/q9XVPvrtc0H3It9AY5r6wCaOT0LxYOS/ldxfwWXiJsA6K5pBGeUoQfeO08FU1NtBWIkdQc2RAMJK08vAmBkIQhM7A0L2uAvAImynQTVCm0FiRDLBZl6jv/D7eT8TrvVB1pYPQfJ1XsHH3x5ALb/BwD9Tt0FlhINASy8nwSHqBkJKyhNCuUl9QWaVWsEE+oNB3pEGQXpRuUH8YTHA+StfQRFqyEA9O2BBZfyuQfGpnME8GWvA+CKPQUIb1MB08ibAaRADwVi/P0F6sKRBeeQUQL1JPsET7kLAHPGHQfMAdEEEJ5K/4UueQcYEG7/OwVxBLhz/P7W5hkF1HBLB1quoQTjaJcEqVARB9v+hwC+2lUBslTtCQUUEQc33XsEFCoJATQjSQQCOokH5NV9BkkPywHC5yUE2R/hB7NDIQaHp+MD07idB6kotQVN0RMG19JbBekp9wauI28FRWf1BgPp0Qe9rfkHM26BA0Xu8QfEyg0B1VS9B2pj0QIjpQ0FJ7z5BYfI4QryovMH2E9BAxqtqQjAhOEF5ExlCr0b8QROoQkDqFNJAHSCrQK/UAcGO51PA1jekwTfsK0JMquBAUrQdv04/DkFz/YjA+c0bQf55zz/UqBfBoqFnwdxKOUIyPpTADYikQTLeFcGNDbVBI4sfQIKvqsGmNDBBLJpxwZqq0EEgGI/BSqelQeulgsD+AKPAXVu4QUablUEi3Kg/dVWhwbdWW0F7FnTBZ5gtQSdazUB+jG/Aty49Qbc98kGFdQzByAoTQXbtk0HhroBBz9DLQTjIFELiziZCTi7RQOidAcHVFyNCcXu7Qa6LQ0FL2VFB8EMiwQLojEEF8LVBK6PWQSAqzT+sFu5AfYAkwUdCCMKlEv3BpL0GQFbMQUJNLA9BhY/cQdDi40GED9pBDxQlwWtEUkFekjRB2ZqlQFUp/EBmbPXAVi0LwSqTVUG27YBAKoDWQJBIkEEzVahB0ayvwM29CEHDQBZAJs/3vrCnwEFQWxZBIy5Ev0REOMHqXavBn8wtQB4vlD8Q8FrA/nSXvmoMG8Fd9W9BCLCmQYQflUHg77VBuJ2KQR+ZV0GSfRHBQy8EQmoN6kDgnb1A2w0HQWnbbsAbxQlByq90Qam2zcDJUQhBoIYGwWgcR0D3BxvBdlIIQm5cLELyzX9CcxIAQjCjxsB9uuNAluTiP7XPDMFWdoDBujUJwVuWQcFrFyhBNHAdv/E2JcEzJjHBFE6AwKYYl0FAalvAoO50wExuoEE7CgrCMGWiQdHGib+NlIjBm9Jhv4snu8G7AIHBY075wQd5BcKFkF/BiwexQDfrvcHUu5JAa2NTwQ=="
  ]
}
