{
  "id": "test1",
  "modelName": "densenetonnx",
  "modelVersion": "1",
  "outputs": [
    {
      "datatype": "FP32",
      "name": "fc6_1",
      "shape": [
        "1000"
      ]
    }
  ],
  "rawOutputContents": [
    "j7HswQiaFMH951jB5HoZwuU0nsGTYEfAvhMFwiJTScGe8h7B0nWHwXFKF8Feet7AVUkkwR3FrcFv5k/BFYgIwVCV88DQwj7BONwfwT3M7sEpmG7BcdxvwfaEP8GSPKTBsBtUwRqGucFSEgTCG6r7wc/gpcH1uczBHLTcwfSwvsFBJ6bBYjBewforrkDCkozBcp/fvx5Kzz/ghA9BjYVkwfHtXMH0UhXBDyaSwG+RfcEhMofBfjxKweHBKEBsMUPBDe3pwVAzwMEeniLBG+SNQOHTUEH5Xu5AhHxPQEyTDUCMWvlBuSjlwAyNasFPOgU9oPLYQQwBPsFdenTBDO2pQDTrI8Ex1ofBdHUfQZEIAEDXwco+Gq7uwc7TScF6AMW/3lcEwWMkUEA4sa3AUAgVQUzG6b89EA9AIG/TwCD6C0HA3wvCWqkJwi4QdMDnaljBKU4RwqsdA8IUDobBWhNfwWu2h8GbstvBBqB/wUp/C8IUIojAqMVDwSwT6D8CebrB2quNwCfPz8DGwGHBvuumwAbL3sAZnQnCm0/QwdfLAcIO6ZPBS9G0wXPHCsIrYr/Ber1Wwfv0CsBygCTCAvVRwYOJ60C24uPAteurwQwQvME+AQbCSVmRvod3LcBwDonAy6WNwY0sFj+lN41A6OlxwQ3EAsHB9PrBekWFwfVmz8EBjaPBUXaXwRuDTcHKCQbCbwK8wclGZsCPvwTC5mdCwaBDQcHaQszAYKUCwtiLpUDXW5jB1vzcPzJBQcH2DmvAzprYwVIIsMF+a5nB34G6wW5h8cGSyePBe9C6wbxc2zymyelAUhJXQXxlTcCYCCvAfcapwAL+KkLyJrG+CerdwMvCMkDjgojA1EquwEpx2cD5SqbBEXR2wP/U1sEfQZrBC1VhwXkFGsF4TMnB/G5+wUKBp8E13jbBmVu/vzJWJkHkNrW+GK9bwZTbDcEOkZPBPNgLwoP2776f44HBcqoNQWUno7/LdxrAKc4NwNoUCkEFUEBAitUSwUqGTsA5gTlAgL5SwCYelkDtRJy8wEE1wb72Uj7nXvxABunhQDhm8D8hAolBnaaEwIDCV0EyMq+9zwWuQEXiO8HO+6TBfGk0wUIHk8EzDp3BpxykwfcO2r/MtsrBBj4mwc/CLcG4e3HBFbcJQdYhwMDVbR3Bz1VmQP/3S0GJiylB662nwFysW0BdTB3BGPTxwIDTrUFQTyi/eVFiQShpF0H9o5NBPP0CQY07p8CBNI9AvhQiwQgcmEAWwNnAL9fyP2o9TsFK9mJBzqOTvyZ4jb5kFs7AJp4VwcIrukA+es5ApY2BwSSw/cCbl5xAFv+HP/+iNUAcXDrBFG2swOZX1kFmpZnAwlN/wdPbm0Az8CzBaJD8QAtgzUAGaPs/4+CaP+fC4b5meIZBCKq0QQjKp0EqwWZBsfelQcyvrcH9hp7BV87awQozYMEbijnBBUWGwe5278DplybBVPHJwTmOPsB0Y8DBCQEzwUSSnMG0xI9B32YVQVCVmz+qO7/BtbR/P2cp5sEwi/7AfQMswXLxhcEOpJrBjEKTwa8vicFyUmVAhfe2wcaF88FTKb/BisjBwUg2m8E/ktLBJdADwcFVqsBcjWFAm7VNQQ+MkMGJ5qLBjzfOwHhhq0CeNvbADDGDwZu7uEHdT0VBL8agQatztsAiUrTA4YetwL/tEMKUzJrBZn12wdv7WUBzlOrAzHcbQfBpkMGgz5RBiO2ywT8YE8Ef8r+/N+uKQcNIq7/q+ubBAztBwFmGsMAUqNhA8VrHv3tL1MH3bjrBfc0Two36BsJS25TBTo/IwZpUZ8GCqN/B1W+0wbA+HMId+hPCCukCwt2ELMIgx/XBS9nOwabfEMKecP7BubcFwkF9fMEbvjPBpyK0wfFnoMEd46vBcESWwfNGU8EoUgTBWGUOwuV+n8HA4AvC4YMzwWtMLMG22zjBQmzNwfmDCcFXQR/BIZpBwSLh+8FiWOzBmjvgwK15GMGx2OzBVjkdwlFrBsLOFoXBeUbgwAn128G0qzXBVeXVwZqnMsCTXYXB8Ne7wYJNy8Fct5fBQrFWwbdCB8IA3ZjBdh1TwVsdFMLGl0TBzAOKwQv4gMENhsLBOu+ZwfLBvMEEW/FB6cBXwfe8rECl+YlAa4tDQfUL2MFu7RxBpBJGQYhUV8GDWZlBrBoewbDhg0KMwKXBamduQeDGiEEdyO4+Mlz9QGRUQEBYVtvAjuQdQgwSt0F1hGU/+EEKwYKIhjwLWq9BdpDjQeiwpL9hs6rBW+FXQajYfkH6/ilAfo7xQHSeM8Fe2wVCnT4FQVSc7sEX2P/BagK2v16wrUFHsZ9AaB+FQZaXj0Cf93BBVs6xQZQ3fUHDa5nAHAbtQGAbUz8jyH9B6KUOQWwbIcGqEMnBPMEMwEGmEMFbPTXBo+6qQG0nVkHf+Za/0myoQZPdMkLaXazBCm5PQVeYTsG9NttA96qjQNTxqEEspttBbXwTwfMUyr+TH1jB522FQb3CjEHE9blBiBwPwbmXMsEpV51ASCiEwS4KQkE4xADBJoAvwd/gG0DkIThCWpo7vpMEw0B7QDRBhA3pwER+h0CP08tB0+gKQZKZykAgfJtBgp07QeyfxkAgC2HBadQawXvJB8HjsYJBkkKPQBwAtcHpIw3B+fu3QVCmtUC7gojBcCuFwb9Eqr/lKQBCyoZxQipOVkKyvBxCyUH0QGTuVUGMSEJAFwtvwcWdaMA3XHNBMO/ZQCU+PcGooae/xrYJQrFBnsDSvd1BuHBkwcdTX0Fg+dVB6d3LQaeSAUGaoD6/uhfDwHh5BELAARlCt6bYPzrTnMHHu2VCOZSXQeFpHkJoSBw/ZubDQYrP6UGB6JjBA3WRwcoOw0FCFXO+2QLYwY7/+UG64MhB78EqQlo0wkBmPfJBR+GBQSSSq8F7hitBeXyYQWoVTUIG5sxBIv9/QQcEl0Hh7TDBMh1eQUmPGkFfpZ1AJJLxvnV7L0ItDLRBrXMrwK9A1cCWI9NAZcMtwWCjbkF04tVABze8QXgWkMBVhJDBgJxTQQ9pK0GLj/JBlzsXQCSF7kEt0xnALs9MwcM0vkF9SWFBlm5JQONpQMHfU6ZBOwKAQdldUMACuOtBgd9UQaUGAUEYRW9AlyuSQbam1b5uapZATkgNQYoq7UDvdL7AXCSPP3YZScFCXLdAnNqbwaTLwUHvcslBv7HRQer9WEHCzcJAJh/iwY4Px0HvUxtCQzOLvw6DIL/fbrZAGFHGQUhnE0EM4co//V7WQPaCEkGaeLe/htV4QYG6AkJQIh9B1HL6QKKQcEIC0XVB81ZMwdWbl0AM28zAhRWjQYFShcHI0DBBJxWcQQnZ28EHaTZB8I4BwaSYlEHZU0BCaq1WQaHgEsIaAcBBF7geQUMBGsBCZOhBfk/2wCTKpMHtnRhC1cixQZHeAkFTNdNBYDItvtMy1UEtz8ZB7OrswCPxC8G8lQFCgsjHQaO4xsB7STrBkkqBQZQmIkHmtiBAAUUZQWQUpUGuTqxBfGC2wdzNGEFilmrB2/7nwPBu/UHEvuTARyZOQaPiREEC3qnAyetSwf8LJUHJZQW/+ZShQM56vEFEufhAmWcGwgRzskFu4IdAg35LPlyxikHm26hB2TsGQkkIU8F494xBixZtQEuchEF7ex0/+m1AwT+OocDdzpLAmgD7waPq3L7jJIBBFO4WP2Tut7/e3YQ+vXdJwI1l3cCH1f/AgoOmQIrgaMBY3alBif6wwLBwa7xDSsU/X8ucPz6ZI0EiPL7AEWXSQBbhtcA+HetBKKWHQSqJ6sCxoLFBBjGkQGFAAsJddTrBbAC/QbJweUGe8AU/90MkQXBthEHZYVNCnVU3QpPgZMFDbARCzcoewQwO20EkbBzB5CzcQY45vsBd/BVBQba1PmSu3EFgpmNBx17XwPSO8UEGqUBBRhYgwAWWukDrjyPBdSWmwYja2EFsPVfBmqUwQd0BmkGQppZBTIq6QXxqtcGjoLM/a7nUPkLXc0H1495A5ZL6wM6MT0IRhOS/7PJfwV8WJ8DoLJpBDcwoQUqe08Gk09tBg3sdQSaUAMLa9MvAUhsIQoI5A0Ik0grAdlmnQeFIm0EtNzLBQkKkv8Dsej8dsfVBjosPQXB5XsGdRB5AfcrBwJJht0HaXINAvjonwUjtBkJwxxNCEV99QeqeWsFq94NBS60GQUpZuUEahzHAng5fQWlPyED7KGBBjAGvQfSrnMGWk2rABBqPQVAe1MDwPifAwhADweiiP0GusaRB7T4VQBRFPsHOIkPAl/WHQWkKdEGyBJK/w0GeQdRmG79K31xBRC7+P3m3hkE+JRLBpLioQbPjJcFDZgRBbQiiwKqElUBXlDtCshkEQZn+XsF/7oFAaAHSQZeZokFaF19BlD/ywO7RyUHuWPhBqt3IQc65+MBO5SdBwD0tQTlfRMF/7pbBflZ9wZ+G28H/U/1BFOl0QRFvfkEx5qBAm4W8QX5Gg0AqZS9BlWL0QE7zQ0Ho+z5BVfA4QretvMFo2M9AKJ5qQuwqOEHbDxlC9Tj8QevsQkBuA9JANUyrQHjpAcGxhVPA6TSkwRnwK0JkieBAmsIcv3IrDkG8DYnAgLAbQXb1zz8XsBfBKqZnwfVPOUJdVJTA+3ekQfzFFcGBBrVBo28fQF+sqsEJNzBB0KRxwc+f0EG8G4/Bh6ylQWqSgsBo86LAN1O4Qc6glUHyWKk/z1ehwVowW0FpEXTB8I4tQccZzUB4bW/ACyo9QeFc8kHPgAzBufISQTr2k0EnqYBBrNTLQafAFEKAxSZChk/RQGO7AcH5HyNCiYC7Qcl4Q0Ez2FFBiUciwXfkjEEH7bVBdqTWQfqEzT+tLu5Am44kwaE6CMLyB/3BCNUGQPXLQUKINg9BvJfcQfTl40EwEtpBFRolwVwyUkFOuDRB4qulQMRm/ECQZfXAizALwZSIVUEK04BAXDzWQK8+kEHIXahBIcivwP+cCEETpBZATg/5vgO1wEG/ehZBS9tCvzQ6OMFGYavBiOItQFbhlD84x1rAXtGWvu4DG8FKBXBBc7CmQe8flUGj4rVBNZiKQTCbV0GafxHBqSkEQjsY6kCxcb1AJfQGQdV2b8A92AlBi650QR3MzcBBeghB/qsGwQDxRkBaIhvBz08IQpVeLELtzn9C+RQAQkDFxsCsf+NAOh3jP12qDMFmb4DBcTwJwZ6XQcH1HyhBpIAdvzIwJcHiFTHBg2aAwEQXl0Fb+1rAIB51wGl/oEH4CArCz2CiQb/9ib+zk4jBK4Fhv2gTu8EdAIHBVEv5wSF4BcIWeF/BYBGxQOPlvcEElpJA52tTwQ=="
  ]
}
