{
  "id": "test1",
  "modelName": "resnet50",
  "modelVersion": "1",
  "outputs": [
    {
      "datatype": "FP32",
      "name": "output__0",
      "shape": [
        "1",
        "1000",
        "1",
        "1"
      ]
    }
  ],
  "rawOutputContents": [
    "////f////3////9/////f////3////9/////f////3////9/////f////3////9/////f////3////9/////f////3////9/////f////3////9/////f////3////9/////f////3////9/////f////3////9/////f////3////9/////f////3////9/////f////3////9/////f////3////9/////f////3////9/////f////3////9/////f////3////9/////f////3////9/////f////3////9/////f////3////9/////f////3////9/////f////3////9/////f////3////9/////f////3////9/////f////3////9/////f////3////9/////f////3////9/////f////3////9/////f////3////9/////f////3////9/////f////3////9/////f////3////9/////f////3////9/////f////3////9/////f////3////9/////f////3////9/////f////3////9/////f////3////9/////f////3////9/////f////3////9/////f////3////9/////f////3////9/////f////3////9/////f////3////9/////f////3////9/////f////3////9/////f////3////9/////f////3////9/////f////3////9/////f////3////9/////f////3////9/////f////3////9/////f////3////9/////f////3////9/////f////3////9/////f////3////9/////f////3////9/////f////3////9/////f////3////9/////f////3////9/////f////3////9/////f////3////9/////f////3////9/////f////3////9/////f////3////9/////f////3////9/////f////3////9/////f////3////9/////f////3////9/////f////3////9/////f////3////9/////f////3////9/////f////3////9/////f////3////9/////f////3////9/////f////3////9/////f////3////9/////f////3////9/////f////3////9/////f////3////9/////f////3////9/////f////3////9/////f////3////9/////f////3////9/////f////3////9/////f////3////9/////f////3////9/////f////3////9/////f////3////9/////f////3////9/////f////3////9/////f////3////9/////f////3////9/////f////3////9/////f////3////9/////f////3////9/////f////3////9/////f////3////9/////f////3////9/////f////3////9/////f////3////9/////f////3////9/////f////3////9/////f////3////9/////f////3////9/////f////3////9/////f////3////9/////f////3////9/////f////3////9/////f////3////9/////f////3////9/////f////3////9/////f////3////9/////f////3////9/////f////3////9/////f////3////9/////f////3////9/////f////3////9/////f////3////9/////f////3////9/////f////3////9/////f////3////9/////f////3////9/////f////3////9/////f////3////9/////f////3////9/////f////3////9/////f////3////9/////f////3////9/////f////3////9/////f////3////9/////f////3////9/////f////3////9/////f////3////9/////f////3////9/////f////3////9/////f////3////9/////f////3////9/////f////3////9/////f////3////9/////f////3////9/////f////3////9/////f////3////9/////f////3////9/////f////3////9/////f////3////9/////f////3////9/////f////3////9/////f////3////9/////f////3////9/////f////3////9/////f////3////9/////f////3////9/////f////3////9/////f////3////9/////f////3////9/////f////3////9/////f////3////9/////f////3////9/////f////3////9/////f////3////9/////f////3////9/////f////3////9/////f////3////9/////f////3////9/////f////3////9/////f////3////9/////f////3////9/////f////3////9/////f////3////9/////f////3////9/////f////3////9/////f////3////9/////f////3////9/////f////3////9/////f////3////9/////f////3////9/////f////3////9/////f////3////9/////f////3////9/////f////3////9/////f////3////9/////f////3////9/////f////3////9/////f////3////9/////f////3////9/////f////3////9/////f////3////9/////f////3////9/////f////3////9/////f////3////9/////f////3////9/////f////3////9/////f////3////9/////f////3////9/////f////3////9/////f////3////9/////f////3////9/////f////3////9/////f////3////9/////f////3////9/////f////3////9/////f////3////9/////f////3////9/////f////3////9/////f////3////9/////f////3////9/////f////3////9/////f////3////9/////f////3////9/////f////3////9/////f////3////9/////f////3////9/////f////3////9/////f////3////9/////f////3////9/////f////3////9/////f////3////9/////f////3////9/////f////3////9/////f////3////9/////f////3////9/////f////3////9/////f////3////9/////f////3////9/////f////3////9/////f////3////9/////f////3////9/////f////3////9/////f////3////9/////f////3////9/////f////3////9/////f////3////9/////f////3////9/////f////3////9/////f////3////9/////f////3////9/////f////3////9/////f////3////9/////f////3////9/////f////3////9/////f////3////9/////f////3////9/////f////3////9/////f////3////9/////f////3////9/////f////3////9/////f////3////9/////f////3////9/////f////3////9/////f////3////9/////f////3////9/////f////3////9/////f////3////9/////f////3////9/////f////3////9/////f////3////9/////f////3////9/////f////3////9/////f////3////9/////f////3////9/////f////3////9/////f////3////9/////f////3////9/////f////3////9/////f////3////9/////f////3////9/////f////3////9/////f////3////9/////f////3////9/////f////3////9/////f////3////9/////f////3////9/////f////3////9/////f////3////9/////f////3////9/////f////3////9/////f////3////9/////f////3////9/////f////3////9/////f////3////9/////f////3////9/////f////3////9/////f////3////9/////f////3////9/////f////3////9/////f////3////9/////f////3////9/////f////3////9/////f////3////9/////f////3////9/////f////3////9/////f////3////9/////f////3////9/////f////3////9/////f////3////9/////f////3////9/////f////3////9/////f////3////9/////f////3////9/////f////3////9/////f////3////9/////f////3////9/////f////3////9/////f////3////9/////f////3////9/////f////3////9/////f////3////9/////f////3////9/////f////3////9/////f////3////9/////f////3////9/////f////3////9/////f////3////9/////f////3////9/////f////3////9/////f////3////9/////f////3////9/////f////3////9/////f////3////9/////f////3////9/////f////3////9/////f////3////9/////f////3////9/////f////3////9/////f////3////9/////f////3////9/////f////3////9/////f////3////9/////f////3////9/////f////3////9/////f////3////9/////f////3////9/////fw=="
  ]
}
