{
  "id": "test1",
  "modelName": "resnet50",
  "modelVersion": "1",
  "outputs": [
    {
      "datatype": "FP32",
      "name": "output__0",
      "shape": [
        "1",
        "1000",
        "1",
        "1"
      ]
    }
  ],
  "rawOutputContents": [
    "XlPvvxAGQL9osD4+KxvPvsNla77rco6/i/xjv9amdr8LlY6/ZsdgvyO/Pj9+mrM/YjGTP2VIsD8OTZ4+91NAP+21nz9Mk9s9psaHP0zcuz+0Sea+ASAaQHCOqT+oycY/zF1xPyfeOb/Kb26+dTCmPj1GrD0vJsy/k/cvwMzNtr0EUxzAVUe2v3Qh0j4QsATAkzbsvmRgz786vJs/Kl3SvnSxpz4Io1+/AlpdPxgf/T3Cajg/3N2zPtfyGD+9aY+/L/Ayv8kmdL9txa8/IHSPv3+ytD51b+a+tPMTP3ndBb8UG1m9FNuQvu/KTb6LiFA/f3lYP9/ODz8Xp/G9MY+KPkqrVz9p2f4+1wBmP/tkCrvgA5M/XqiAQFs+xr3xDCtAiD6IPiHr0j/IzUo9btwOQDqkTz8rvgNAjVktQIrxg0DlMcU/3VPNP5nGLj+jfYs/+Pj2vaTa7j+JCY0+y60UQF/b2T4ZZes/AHiOvvKChj8h5glAq2wPPzxDsD+4xqG/yxshP9GF078tLEU/LmuZP0spmj78BhG/qEiCvQaeTT8SaaC/yfmVv8VOxb+7fgO+jmoBwEW9VL+1/00/bi0RQOE41r6ukQw/D41iP/qNG8ChL6+/7b+5vlyxBMDXIjTAIC3cvj1zU8B91SbAMVkWwPDyG8BdCcu/NjitP8PkuT+p5AtAwKgjPZM83L8Y9xe+3wkEP/u5Vj+3bcI+fB4DPrUVqL9RSIA/NFELQLkIhb4/8Mw+8EymP31CEz5/bzk/r2xLvpBGVz+79qw/9nalvOrFLb+JluK/TItxvzNBKz/lobO/MH2ROjgMTL/UDY2/6N6sv71eZr+ART2/CvsOv8uX8b9DLoa/aRgavx9wgr+NuSM+Qkwsvyrypr8qDg3AsKa1v20dSr+hMvu/EQ3GvgRDYL+tzBe/hAa7v1ps07+N0BvAIuiDv8p3074vteS/gHrhv5dzQL8gZx+/5NGXvVRMy782moW/iAqYv95eGT+uNNu/cPZ1vsbbJL9u9nG/6bgpvySvCDw6Y9C/rvJvvUxI2b/heyvA1N8TwD0zp7+ydcm/YEmrv0IM1T6kryK/xJmkvwbN+78/IKq//CsAwJdBnL/k2J2/+j+Xv/WIg78JGti/l8rmvx0ghr/ViTa/H19VvyOkmL/W/gLAWbjfvwiUHsBcqyG/7T3+v8TXa7/O3Pu/3+LKviGnNcB2oai/Mz2cvwQhxL8eLue/kvn3vyo3qL9P0iDA9a1rvwfbPb886hA8pmaYP+SQCr97jA3AkfvXv3lHYb+U0ai/Y4twv3xBNsBoC7C+Wd1Jv+0hzb/6wgq/AIk7v2zVhr/bDcW+1lABwN2Pmr/TUdg9keoUwKbGl79lppe/Ur8cvyywR7+Z+bC/59qNvx1x3r9x9yG/DMLMv9Ah1D1IJoK/u2EEwEHatr+XMO2/9CDDvvcFIMCaKpY+oDWyvin9zb8NbBu/SV2nPpGuAT5Qv6K/SDwgPkpfxj2+FuA/ZxWlP+4dzz/NdEI/PYR7PxyvCMDe5/q/EqjQvnFWwr+uewfAbHMtv7gLMb/8ty0/1TMQv1+0lr/y56E+RXOlv+QRvz+4zEM/ZYO3vmY+3z8IdQU9k+dnPy+Y6L0eA32/IgZAPx1snT9GXUk/BESPvzGtPUBKqIo+gqEePv9vH0Ay2/o/6PF8PzX2Gz96iY8+//8BQHa4HT9m9xE9teIWwGyo0r+RfrW/PQ/rv90t2r/N00q/emIbvy4jGMCeiSDAsX+QP1QUXj/5F7E9umaHv1ixfr6uCNo+2C0CvylAqr8evp4++t3dv8lDmb4smi3A9vANwDbAIsAAWL2/Gp3Ev8VtsL8W5OO/C1b/vhjJGL7caUa/jJ+AuyPfgb8MCVA9TJh4Pta62r8Od8k/eDqtPrUvDD/rIZQ/3oMbv9b4xj5s/sG+49wMvrUslb/0jsC/ZXzav8Rdzb7rjGu/wXL8v0i/ML8YrcS/NygevxZxlr/iflM+BDyzv7jJP78kibw+lvnWvyeStr/YI+G/EsMjv7qSJb5Wr3W+vqsqwAa2278FxeK9t+W3v5Dq/78M/J6/NkqPv79lKb+BCTm/qsscwMR+u7+EPRa/1nfzvyaFbr5XrSY/IhgeQMvaO78HSFu/YGeoP1f9Wb9fCo0+h9OCP+YYf78muea/NY3Rv1QNuT89og3AM7gAQJF5nD/skxBApILXP5CDAsD2aSg/NBg9Pml0dkAvq5U/5CFJP9VZ9z9PaIK/KTBzvxHiv79hDCK/qa8CQFHoOb4qw8u/iIWOPlacTz46bF0/yeHkP6CRcD9QG6k/OYCDvYJlvb+K4HM+Fcckvh92KD6auGc/f+tOPk7pCD8vByhAfv42v0wG0b/pRoxAgKg5P722ZD9+9Im/n5eLv2B/BUD6scE+OxKTvcsTyL8Ni9w/C08RP9lBrD/AxS5AcnFXP4kCUT8vngFAZ08sQE91lr7XzjNAdeJMQMwMzr+9Y0fAxI/mv9ZwjL/Klig/lw9lv99TBsDb3xlA5NIVQB5koL/LwHzAa9KmPyOtIUDfZtO/zH3yP4S5LkAufBc/20vFvxoDJr+IJ8E+t/JQvzsNwz8x54RA+LGjP2s9lUB7Kre93J22PxeU4L0VsEU/p+j2vlC/RD+lDby/8zcoPxZERUCC5CA/9X0NQAUf7D+fWRg/6BufP+P9sT9Lnkk/O/UDQGL3AkAmrRnAAF03v+brhb9MWCBA9+3EP87Zbj9T9YU/VTU0P0PvVj/S20O/e7MYP24NMz8Lpom/N03Tv9fskT80jfY/pjMYv2aojT5/4R8/xrtsPxm3ID5ctL8/xsk4P5VcVL4DMBtAzo5XQHzsBsCsDLO/ROVzvb13Eb3ClHtAEykSv3htur5UMnE/FtWEP9B8BcAppvM/kT+LP+DfGsC9vai9yjWXQF/TFz/Poiw/nkFQPoK8nT+O3yq+i0s2wIXviUD6AjE/A0TvP/xeDEAnm5y9Saq7v7QuNb8eFTxACC5Kv7lRHTzCrtY9GmUoP9ttnj9b2jvAwg3KPl8Y1b/hXys/HeqOvx1TWD+9C+q/hZvdv9qw9b23sJA+K6+iveHKpr+7Ba6/VnFOwGwSFUAAW/U/878NP/O7iL/DtC1A0xl2QErjrz8xX9U9iC8fQK0KwD/61yA+ErP4PlMTX79rJHdArjcTQGGtQ76c+jM/2RiCQDrC7z9mx4+8UTtIwO+M4j874pA/zY3uP7KN976TJwxA4f0xwKpxpEAgw9o/Gq6Uv/jMJkBacwq/3CJyP47II0D1Iq++h6MwQIqOWEDccUlAVairvxL94z+kWF5A9aScv3D6j78CHUFAM1rTv2iZHz+LpxVAPnOEPxDaJT9+yQ1AgxMtQKuHH8CF72c/eMDbP8GdF73wW0Y/VLJLP8qkAUDn7hK+3iDSPjZ1gz9QLoBAo/z5vwlgDT/DekA+oGJ7P9Knl75MJe8//21lP4CJALyrwkM+nUIYwBEFvj8MDhLA2EZ8P9HcsT6UdIy9qITXv4EfKcDA9G9AsPB5v1770D9+6ru/yqUhvg4MwT+az++/SvBuPyF5vb+Rffi/QqDbvulklj9THzpA5+8QwIha5r2qUX5AbE+DP2aEb0BpnVM/47ozQA+7JT9yFgJAJs4AP4YaPb+SqkU/UaS2vzDiNT+SWkQ/0JBZwG/BTr9tMhxAvreCP+Er1r8x4xFA2PvyPw2z5750SNS/Eg7DP/vBAUBn9QNAtgeXvcFqqr008a48/c8gwNvdb79cOGM+Nb9AP9Fjqj8KYUo/IeYDQGxzsT6/+oY/m231Pyou6T2W+kU/B0B3wMAv3D4qHA++MciEP1OpSkBVcuA/wOY/v5Kk0z7qsIk/jhQIPvy6ST124Jg/st/PP+/F+j6ITdc/4i4wP/BdeD80Nx/AQx5KQCWWsj9xYvY+8gIIPzL81b/047w/0QHNP00nUz9Y7GO+pFKhPhjfvL7yOC8/FC8ePjkSyz+ozfc/TWe3P8k2DsApPIk/nb4KQJYdwj4VKVi/B4Czvh8XB8CUnyu/QU9NP0lSVUA78ds/7AE1wPRJeUBIslVAnSXYPl1D6L+n7PI/50Gdv3MgQEDgHi0/NjUKQI7+Y0AdwKE/sBpXP1iTpL9CQpI/WBpFQHOEvT/bMMu/JjKAPnEbcr4ipBlA6+abQP7BWkAFsBc+HgCAP06qbj8GYVG/apgaQJy7pT+a/Im85JTbPwdXrD+RlUtAP1dEv1rcjj/zPeI+ffYFQEkvHT8LY7+/pWuOvzP/rr/9tFC/OswVQL5shL/mCYA/Utgkv/2RmL606pO/7X3TPyEE6T97KPk/V6TGP5TqUb+/DMo/L5crP96JQMA/TaE+NXz8vzHHHsDgTva/BynKvwBRzz5pANw/1EvWPrMbsz+aVl4+GlRKQACDEcCuHOg9kPoZQKJSu78Bbk0/hM7bP4Dzdr1Gurs+KLqfP7FA574pZIO/zRPjP9bUGEBC3CA+m+yMv8ALiEB3BDdA00IVQJiQpb80ZjI9JEZyP9gszj4isNM/V3utP4PrFj+j5QM+W8XyPwuOOMB6Qaw9IlkEQIUXpD9hRqO/JlPBP+/OE7/KBwa/AKtMwAlGKMDJgwHAus0HwF6dBUDNvNs/hwyav4nMlL82994/JgmZvlj+iMCC5Rk/rlqtvtwpbb9kzo0/Ec3zP14pFL/SIuA+mOiVP/50bj9SXF6+LmivP8qNjj5AE8C/7z/pv05CWr0ekTvAXMguP2QKl0DgvltAkEgGQFOdiD7sLqY/simMP6Y0gD/6tf08psMZv13dZT5ZWihAj4/2P+BhSUBm6NA/saSsPyEMyj7CjDA9dqA3v/0P9T9iwjhARiMcvxBIwjzc8VS/xHG7vyZNaj9d34i9kaKSPSyGBz+oJCg+JupcQLOzoD9j4va/p1D9v7055b93wGrAf7nRvxmSBMDEkya+0g+1v3N7D8CaPaG+1MInwHOYiL9vLNm/uCYxwLyYOb/Dnw3AGhwFwGoAIcC8Hx/Ac5EKwIwT9b86OU7A5P+evyBoKsBhPuK/kQ6VviZ0RL/Tvgq9uZoCPlgEfr/zzK2/UalpP85yGcD4BKm/tRyAvzBLuL3b3Pm/2fhlvywtTr8Ktw3Ac7zEvySY/7+gLOS/dqReP+eypj9P5uE+S5Sov0d5y7/fyO8+6ti4v3zCEsDoiyy/MdQ+PoIlFb/iHZg/syzRvljeJsBn3do9gXWKvSk1DMBiroW//jFHvltWqr+SZBLAfKfDvjUxob96ZrE9xp+svwT7tb/esznA0m8dwODEacAZ3jPAcpAewCBasb/DJLK/R3vvPw=="
  ]
}
