{
  "model_name": "python",
  "model_version": "1",
  "outputs": [
    {
      "data": [
        0.921442985534668,
        0.6223347187042236,
        0.8059385418891907,
        1.2578542232513428
      ],
      "datatype": "FP32",
      "name": "OUTPUT0",
      "shape": [
        4
      ]
    },
    {
      "data": [
        0.49091365933418274,
        -0.027157962322235107,
        -0.5641784071922302,
        0.6906309723854065
      ],
      "datatype": "FP32",
      "name": "OUTPUT1",
      "shape": [
        4
      ]
    }
  ]
}
