[
  {
    "finish_reason": "stop",
    "index": 0,
    "logprobs": null,
    "message": {
      "content": "Here is a simple Python code snippet to find even numbers in a list:\n\n```python\ndef find_even_numbers(numbers):\n    even_numbers = [num for num in numbers if num % 2 == 0]\n    return even_numbers\n\n# Example usage:\nnumbers = [1, 2, 3, 4, 5, 6]\nprint(find_even_numbers(numbers))\n```\n\nThis code defines a function `find_even_numbers` that takes a list of numbers as input and returns a new list containing only the even numbers. The list comprehension `[num for num in numbers if num % 2 == 0]` generates this new list by iterating over each number in the input list and including it in the output list only if it is even (i.e., if the remainder when divided by 2 is 0).\n\nYou can replace the `numbers` list with any list of integers you want to check for even numbers.",
      "reasoning_content": null,
      "role": "assistant",
      "tool_calls": []
    },
    "stop_reason": null
  },
  {
    "finish_reason": "stop",
    "index": 0,
    "logprobs": null,
    "message": {
      "content": "{\n  \"Opinion\": \"SpellForce 3 is a pretty bad game\",\n  \"Subject\": \"SpellForce 3\",\n  \"Negative_Opinion\": \"The developer Grimlore Games is clearly a bunch of no-talent hacks\",\n  \"Subject_of_Negative_Opinion\": \"Grimlore Games\",\n  \"Year\": \"2017\",\n  \"Adjective_for_Year\": \"terrible\",\n  \"Context\": \"for games\"\n}",
      "reasoning_content": null,
      "role": "assistant",
      "tool_calls": []
    },
    "stop_reason": null
  }
]
