[
  {
    "finish_reason": "tool_calls",
    "index": 0,
    "logprobs": null,
    "message": {
      "content": null,
      "reasoning_content": null,
      "role": "assistant",
      "tool_calls": [
        {
          "function": {
            "arguments": "{\"location\": \"Boston\", \"unit\": \"celsius\"}",
            "name": "get_current_weather"
          },
          "id": "chatcmpl-tool-6b8d2aca303c4b1dbf3ac4c770445791",
          "type": "function"
        }
      ]
    },
    "stop_reason": null
  },
  {
    "finish_reason": "tool_calls",
    "index": 0,
    "logprobs": null,
    "message": {
      "content": null,
      "reasoning_content": null,
      "role": "assistant",
      "tool_calls": [
        {
          "function": {
            "arguments": "{\"location\": \"Japan\", \"unit\": \"celsius\"}",
            "name": "get_current_weather"
          },
          "id": "chatcmpl-tool-e9ad50a7a14649d5be5eaafd03d18428",
          "type": "function"
        }
      ]
    },
    "stop_reason": null
  }
]
