[
  {
    "finish_reason": "tool_calls",
    "index": 0,
    "logprobs": null,
    "message": {
      "content": null,
      "reasoning_content": null,
      "role": "assistant",
      "tool_calls": [
        {
          "function": {
            "arguments": "{\"kind\": \"pod\", \"namespace\": \"openshift-lightspeed\"}",
            "name": "get_object_namespace_list"
          },
          "id": "chatcmpl-tool-474482d748e84826a36ed4a94c25a335",
          "type": "function"
        }
      ]
    },
    "stop_reason": null
  }
]
