[
  {
    "finish_reason": "tool_calls",
    "index": 0,
    "logprobs": null,
    "message": {
      "content": null,
      "reasoning_content": null,
      "role": "assistant",
      "tool_calls": [
        {
          "function": {
            "arguments": "{\"location\": \"Boston\", \"unit\": \"celsius\"}",
            "name": "get_current_weather"
          },
          "id": "chatcmpl-tool-8e2f11ff5e1041a38194cd0368f98748",
          "type": "function"
        }
      ]
    },
    "stop_reason": null
  },
  {
    "finish_reason": "tool_calls",
    "index": 0,
    "logprobs": null,
    "message": {
      "content": null,
      "reasoning_content": null,
      "role": "assistant",
      "tool_calls": [
        {
          "function": {
            "arguments": "{\"location\": \"Japan\", \"unit\": \"celsius\"}",
            "name": "get_current_weather"
          },
          "id": "chatcmpl-tool-f93cfb78becf4346af25ffeb8f7984a0",
          "type": "function"
        }
      ]
    },
    "stop_reason": null
  }
]
