[
  {
    "finish_reason": "length",
    "index": 0,
    "logprobs": null,
    "prompt_logprobs": null,
    "stop_reason": null,
    "text": " Renewable energy sources, such as solar, wind, and hydroelectric power, offer several key benefits compared to fossil fuels. Some of the main advantages include:\n1. Sustainability: Renewable energy sources are sustainable and can be replenished naturally, unlike fossil fuels, which are finite and will eventually run out.\n2. Reduced greenhouse gas emissions: Renewable energy sources produce little to no greenhouse gas emissions, which contribute to climate change, whereas fossil fuels release significant amounts of carbon dioxide and other pollutants when burned.\n3"
  },
  {
    "finish_reason": "length",
    "index": 0,
    "logprobs": null,
    "prompt_logprobs": null,
    "stop_reason": null,
    "text": " \nEnglish: Knowledge is power.\nSpanish: El conocimiento es poder.\nGerman: Wissen ist Macht.\nMandarin: 知识就是力量.\nNote: The translation of the sentence into Mandarin is a bit more nuanced, as the Chinese language has a different grammatical structure and idiomatic expressions. The translation \"知识就是力量\" is a common way to express the idea, but it's worth noting that the original sentence is a direct translation of the English phrase, and the Chinese phrase"
  },
  {
    "finish_reason": "length",
    "index": 0,
    "logprobs": null,
    "prompt_logprobs": null,
    "stop_reason": null,
    "text": " The poem should have a twinkle in its eye, a sense of wonder and awe.\nThe velvet expanse above, a canvas so divine,\nA twinkling tapestry, infinite and sublime.\nThe stars, like diamonds, scattered with reckless abandon,\nA celestial showcase, of beauty and wonder, unbound.\n\nThe moon, a glowing crescent, a beacon in the night,\nA gentle guide, that navigates us through the dark of light.\nThe planets, like sentinels, standing guard"
  },
  {
    "finish_reason": "length",
    "index": 0,
    "logprobs": null,
    "prompt_logprobs": null,
    "stop_reason": null,
    "text": " The Great Wall of China is one of the most impressive architectural achievements in history, and its significance extends beyond its physical presence. It has played a crucial role in China's military defense, economic development, and cultural identity. In this essay, we will explore the historical significance of the Great Wall of China and its impact on modern tourism.\nThe Great Wall of China was built over several centuries, with the first versions of the wall dating back to the 7th century BC. The wall was initially constructed"
  },
  {
    "finish_reason": "length",
    "index": 0,
    "logprobs": null,
    "prompt_logprobs": null,
    "stop_reason": null,
    "text": " | Homework Help\nThe use of artificial intelligence (AI) in healthcare decision-making has the potential to revolutionize the way healthcare is delivered, but it also raises several ethical concerns. Some of the key ethical implications of using AI in healthcare decision-making include:\n1. Bias and discrimination: AI systems can perpetuate existing biases and discrimination if they are trained on biased data or designed with a particular worldview. This can lead to unequal treatment of patients, particularly those from marginalized groups.\n2. Lack of transparency"
  },
  {
    "finish_reason": "length",
    "index": 0,
    "logprobs": null,
    "prompt_logprobs": null,
    "stop_reason": null,
    "text": " The Apollo 11 mission was a groundbreaking achievement in space exploration, marking the first time humans set foot on the lunar surface. Here's a summary of the main events and its significance:\n**Mission Overview**\nApollo 11 was launched on July 16, 1969, from Kennedy Space Center in Florida. The mission was crewed by astronauts Neil Armstrong, Edwin \"Buzz\" Aldrin, and Michael Collins. The spacecraft consisted of the Command Module (Columbia) and the Lunar Module (E"
  }
]
