[
  {
    "finish_reason": "length",
    "index": 0,
    "logprobs": null,
    "prompt_logprobs": null,
    "stop_reason": null,
    "text": "\n\nRenewable energy sources offer several key benefits compared to fossil fuels. Firstly, they are sustainable and can be replenished naturally, reducing dependence on finite resources. Secondly, renewable energy sources produce little to no greenhouse gas emissions during operation, helping to mitigate climate change. Thirdly, renewable energy sources often have lower operating costs due to the absence of fuel costs. Lastly, renewable energy sources can contribute"
  },
  {
    "finish_reason": "stop",
    "index": 0,
    "logprobs": null,
    "prompt_logprobs": null,
    "stop_reason": null,
    "text": "\n\nSpanish: La conocimiento es poder.\nGerman: Wissen ist Macht.\nMandarin: 知识是力量。"
  },
  {
    "finish_reason": "length",
    "index": 0,
    "logprobs": null,
    "prompt_logprobs": null,
    "stop_reason": null,
    "text": "\n\nIn the velvet canvas of the night,\nStars twinkle with an otherworldly light.\nA celestial ballet, silent and grand,\nUnveiling secrets in their dance so grand.\n\nThe moon, a silver glowing orb,\nIlluminates the earth, its beauty never swerves.\nIt whispers tales of ancient times,\nOf civilizations that once did climb.\n"
  },
  {
    "finish_reason": "length",
    "index": 0,
    "logprobs": null,
    "prompt_logprobs": null,
    "stop_reason": null,
    "text": "\n\nThe Great Wall of China is an iconic symbol of the country's rich history and cultural heritage. It was built as a defensive fortification against various invading forces throughout the centuries. The wall stretches over 13,000 miles and is a testament to the engineering prowess and determination of the ancient Chinese people.\n\nIn modern times, the Great Wall has become a major tourist attraction, drawing"
  },
  {
    "finish_reason": "length",
    "index": 0,
    "logprobs": null,
    "prompt_logprobs": null,
    "stop_reason": null,
    "text": "\n\n### Ethical Implications of Using Artificial Intelligence in Healthcare Decision-making:\n\n**Definition:**\nArtificial Intelligence (AI) in healthcare refers to the use of algorithms and software to analyze health data, make predictions, and assist in decision-making processes.\n\n### Key Concepts and Components:\n\n1. **Data Privacy and Security:**\n   - AI systems often require large amounts of data, which can raise concerns about patient privacy and data security."
  },
  {
    "finish_reason": "length",
    "index": 0,
    "logprobs": null,
    "prompt_logprobs": null,
    "stop_reason": null,
    "text": "\n\nThe Apollo 11 mission was the first manned spaceflight to land on the Moon. It was launched on July 16, 1969, from Kennedy Space Center in Florida. The crew consisted of astronauts Neil Armstrong, Edwin \"Buzz\" Aldrin, and Michael Collins.\n\nAfter traveling 238,900 miles in five days, the l"
  }
]
