[
  {
    "id": "deepseek-r1-distill",
    "max_model_len": 1024,
    "object": "model",
    "owned_by": "vllm",
    "parent": null,
    "permission": [
      {
        "allow_create_engine": false,
        "allow_fine_tuning": false,
        "allow_logprobs": true,
        "allow_sampling": true,
        "allow_search_indices": false,
        "allow_view": true,
        "group": null,
        "is_blocking": false,
        "object": "model_permission",
        "organization": "*"
      }
    ],
    "root": "/mnt/models"
  }
]
