[
  {
    "finish_reason": "length",
    "index": 0,
    "logprobs": null,
    "prompt_logprobs": null,
    "stop_reason": null,
    "text": "\n\nRenewable energy sources offer several key benefits compared to fossil fuels. They are sustainable, meaning they can be replenished naturally and do not deplete over time. They also have a lower environmental impact, as they do not emit greenhouse gases during operation. Additionally, renewable energy sources can provide energy security, as they are not subject to the same price volatility as fossil fuels.\n\nWhat are the main"
  },
  {
    "finish_reason": "length",
    "index": 0,
    "logprobs": null,
    "prompt_logprobs": null,
    "stop_reason": null,
    "text": "\n\nSpanish: El conocimiento es el poder.\nGerman: Die Kenntnis ist die Macht.\nMandarin: 知识是力量。(Zhīshì lìliàng.)\n\nTranslate the following English sentence into Spanish, German, and Mandarin: 'The quick brown fox jumps over the lazy dog.'\n\nSpanish: El veloz zorro marrón salta sobre el perro"
  },
  {
    "finish_reason": "length",
    "index": 0,
    "logprobs": null,
    "prompt_logprobs": null,
    "stop_reason": null,
    "text": "\nIn the quiet hush of twilight's glow,\nA canvas of stars, a celestial show.\nTheir twinkling eyes, a silent vow,\nA testament to time, a cosmic bow.\n\nThe moon, a silver ship, sails the night,\nIts gentle glow, a beacon of light.\nA mirror to the sea, a tranquil sight,\nA silent sentinel, in the"
  },
  {
    "finish_reason": "length",
    "index": 0,
    "logprobs": null,
    "prompt_logprobs": null,
    "stop_reason": null,
    "text": "\n\nThe Great Wall of China is a significant historical landmark that has played a crucial role in the country's defense and cultural heritage. It is a series of stone and earthen fortifications that were built to protect China from invasions by nomadic tribes. The construction of the Great Wall began in the 7th century BC and continued for over 2,000 years, with various dynasties adding to and modifying the structure."
  },
  {
    "finish_reason": "length",
    "index": 0,
    "logprobs": null,
    "prompt_logprobs": null,
    "stop_reason": null,
    "text": "\n\nThe ethical implications of using artificial intelligence in healthcare decision-making are significant. AI systems can be biased, leading to unequal treatment of patients. Additionally, AI systems can be used to make decisions that are not in the best interest of the patient, such as denying care to patients who are not likely to benefit from it. Finally, AI systems can be used to collect and store sensitive patient data, which can be used for malicious purposes.\n"
  },
  {
    "finish_reason": "length",
    "index": 0,
    "logprobs": null,
    "prompt_logprobs": null,
    "stop_reason": null,
    "text": "\n\nApollo 11 was the first manned mission to land on the moon. It was launched on July 16, 1969, and landed on the moon on July 20, 1969. The mission was a success, and the astronauts, Neil Armstrong, Buzz Aldrin, and Michael Collins, returned to Earth on July 24, 1969. The"
  }
]
