[
  {
    "finish_reason": "length",
    "index": 0,
    "logprobs": null,
    "prompt_logprobs": null,
    "stop_reason": null,
    "text": "\n\n1. Environmental Impact: Renewable energy sources, such as solar, wind, hydro, and geothermal, produce little to no greenhouse gas emissions during operation, reducing their contribution to climate change. Fossil fuels, on the other hand, release significant amounts of carbon dioxide, methane, and other harmful gases when burned, leading to air pollution and global warming.\n\n2. Sustainability"
  },
  {
    "finish_reason": "length",
    "index": 0,
    "logprobs": null,
    "prompt_logprobs": null,
    "stop_reason": null,
    "text": "\n\nSpanish: El conocimiento es poder.\nGerman: Wissen ist Macht.\nMandarin: 知识是力量。(Zhīshì shì lìliàng.)\n\nConfidence: 95%\n\n[Explanation]\nThe English sentence \"Knowledge is power\" translates to \"El conocimiento es poder\" in Spanish, \"Wissen ist Macht\" in German, and \"知识是力"
  },
  {
    "finish_reason": "length",
    "index": 0,
    "logprobs": null,
    "prompt_logprobs": null,
    "stop_reason": null,
    "text": "\n\nIn the velvet canvas of the night,\nA celestial ballet takes flight.\nStars, like diamonds, scattered wide,\nIn the cosmic theater, they reside.\n\nThe moon, a silver sentinel,\nGuides the world through darkness, its gentle spell.\nIts phases, a rhythmic dance,\nIn the silent symphony of chance.\n\nGalaxies swirl in a"
  },
  {
    "finish_reason": "length",
    "index": 0,
    "logprobs": null,
    "prompt_logprobs": null,
    "stop_reason": null,
    "text": "\n\nThe Great Wall of China, an iconic symbol of ancient Chinese civilization, holds immense historical significance and has a profound impact on modern tourism.\n\nHistorically, the Great Wall was built to protect the Chinese empire from invasions, particularly those by nomadic tribes from the north. Construction began as early as the 7th century BC, with various dynasties contributing to its expansion and fortification over centuries"
  },
  {
    "finish_reason": "length",
    "index": 0,
    "logprobs": null,
    "prompt_logprobs": null,
    "stop_reason": null,
    "text": "\n\n# Ethical Implications of Artificial Intelligence in Healthcare Decision-Making\n\n## Abstract\n\nThis paper examines the ethical implications of incorporating artificial intelligence (AI) in healthcare decision-making, focusing on aspects such as patient autonomy, informed consent, data privacy, and potential biases. As AI technology continues to advance and permeate the healthcare sector, understanding these ethical considerations is essential for ensuring responsible and"
  },
  {
    "finish_reason": "length",
    "index": 0,
    "logprobs": null,
    "prompt_logprobs": null,
    "stop_reason": null,
    "text": "\n\nThe Apollo 11 mission, launched by NASA on July 16, 1969, marked a significant milestone in human space exploration. The main events of this historic event are as follows:\n\n1. Launch: The Saturn V rocket carrying astronauts Neil Armstrong, Buzz Aldrin, and Michael Collins blasted off from Kennedy Space Center in Florida.\n\n2. Lun"
  }
]
