[
  {
    "finish_reason": "length",
    "index": 0,
    "logprobs": null,
    "prompt_logprobs": null,
    "stop_reason": null,
    "text": " Renewable energy sources, such as solar, wind, and hydroelectric power, offer several key benefits compared to fossil fuels. Some of the main advantages include:\n1. Sustainability: Renewable energy sources are sustainable and can be replenished naturally, unlike fossil fuels, which are finite and will eventually run out.\n2. Reduced greenhouse gas emissions: Renewable energy sources produce little to no greenhouse gas emissions, which contribute to climate change, whereas fossil fuels release significant amounts of carbon dioxide and other pollutants when burned.\n3"
  },
  {
    "finish_reason": "length",
    "index": 0,
    "logprobs": null,
    "prompt_logprobs": null,
    "stop_reason": null,
    "text": " \nEnglish: Knowledge is power.\nSpanish: El conocimiento es poder.\nGerman: Wissen ist Macht.\nMandarin: 知识就是力量.\nNote: The translation of the sentence into Mandarin is a bit more nuanced, as the Chinese character \"\" (zhī shì) is often used to convey the idea of \"knowledge is power,\" but the more literal translation of the sentence is \"\" (zhī jiù shì lìliàng). However, \"\" (zhī ji"
  },
  {
    "finish_reason": "length",
    "index": 0,
    "logprobs": null,
    "prompt_logprobs": null,
    "stop_reason": null,
    "text": " The poem should have a twinkle in its eye, a sense of wonder and awe.\nThe velvet expanse above, a canvas so divine,\nA twinkling tapestry, infinite and sublime.\nThe stars, like diamonds, scattered with reckless abandon,\nA celestial showcase, of beauty and wonder, unbound.\n\nThe moon, a glowing crescent, a beacon in the night,\nA gentle guide, that navigates us through the dark of light.\nThe planets, like sentinels, standing guard"
  },
  {
    "finish_reason": "length",
    "index": 0,
    "logprobs": null,
    "prompt_logprobs": null,
    "stop_reason": null,
    "text": " The Great Wall of China is one of the most impressive architectural achievements in history, and its significance extends beyond its physical presence. It has played a crucial role in China's military defense, economic development, and cultural identity. In this essay, we will explore the historical significance of the Great Wall of China and its impact on modern tourism.\nThe Great Wall of China was built over several centuries, with the first versions of the wall dating back to the 7th century BC. The wall was initially constructed"
  },
  {
    "finish_reason": "length",
    "index": 0,
    "logprobs": null,
    "prompt_logprobs": null,
    "stop_reason": null,
    "text": " | Homework Help\nThe use of artificial intelligence (AI) in healthcare decision-making has the potential to revolutionize the way healthcare is delivered, but it also raises several ethical concerns. Some of the key ethical implications of using AI in healthcare decision-making include:\n1. Bias and discrimination: AI systems can perpetuate existing biases and discrimination if they are trained on biased data or designed with a particular worldview. This can lead to unequal treatment of patients, particularly those from marginalized groups.\n2. Lack of transparency"
  },
  {
    "finish_reason": "length",
    "index": 0,
    "logprobs": null,
    "prompt_logprobs": null,
    "stop_reason": null,
    "text": " The Apollo 11 mission was a groundbreaking achievement in space exploration, marking the first time humans set foot on the lunar surface. Here's a summary of the main events and significance of the mission:\n**Pre-Launch and Journey to the Moon**\nThe Apollo 11 spacecraft, carrying astronauts Neil Armstrong, Edwin \"Buzz\" Aldrin, and Michael Collins, launched from Kennedy Space Center on July 16, 1969. After traveling through space for four days, the spacecraft entered into lunar orbit.\n"
  }
]
