[
  {
    "finish_reason": "length",
    "index": 0,
    "logprobs": null,
    "prompt_logprobs": null,
    "stop_reason": null,
    "text": " Let me think through this step by step.\n\nFirst, I know that renewable energy sources like solar, wind, and hydro are cleaner than fossil fuels. They produce less pollution and greenhouse gases, which helps protect the environment. But I need to elaborate on this.\n\nRenewable energy sources are sustainable because they don't deplete the Earth's resources as much as fossil fuels. For example, solar panels can be recycled, and wind turbines can be reused or repaired. This reduces waste and the need for"
  },
  {
    "finish_reason": "length",
    "index": 0,
    "logprobs": null,
    "prompt_logprobs": null,
    "stop_reason": null,
    "text": " \n\nOkay, so I need to translate the sentence \"Knowledge is power.\" into Spanish, German, and Mandarin. Let me start by understanding the original sentence. \"Knowledge is power\" is a well-known phrase that emphasizes the importance of education and information. It's often used to encourage learning and the acquisition of skills.\n\nFirst, I'll tackle the Spanish translation. In Spanish, the equivalent phrase is \"El conocimiento es poder.\" I remember that \"conocimiento\" translates to knowledge and \""
  },
  {
    "finish_reason": "length",
    "index": 0,
    "logprobs": null,
    "prompt_logprobs": null,
    "stop_reason": null,
    "text": " Use imagery and metaphors to convey the vastness and wonder of the universe.\n\nOkay, so I need to write a poem about the beauty of the night sky and the mysteries it holds. The user wants me to use imagery and metaphors to convey the vastness and wonder of the universe. Hmm, where do I start?\n\nFirst, I should think about what the night sky represents. It's a place of wonder, mystery, and beauty. It makes me think of stars, planets, galaxies"
  },
  {
    "finish_reason": "length",
    "index": 0,
    "logprobs": null,
    "prompt_logprobs": null,
    "stop_reason": null,
    "text": " How does it influence the development of Chinese culture and identity?\nThe Great Wall of China is one of the most iconic structures in the world, with a rich history and a significant cultural legacy. Its construction began over 2,000 years ago during the Qin Dynasty (221 BCE – 206 BCE) and was later expanded during the Han Dynasty (206 BCE – 220 CE). The Wall was built to protect the Chinese Empire from invasions by nomadic tribes from the north, particularly the Xion"
  },
  {
    "finish_reason": "length",
    "index": 0,
    "logprobs": null,
    "prompt_logprobs": null,
    "stop_reason": null,
    "text": " This includes considering the transparency, bias, and accountability of AI systems, as well as the potential for AI to improve or hinder healthcare outcomes.\n\nOkay, so I need to discuss the ethical implications of using artificial intelligence in healthcare decision-making. Hmm, where do I start? I know AI is being used more in healthcare, like for diagnostics or treatment plans, but I'm not entirely sure about all the ethical issues. Let me think about transparency first. If AI makes decisions, how do we know why"
  },
  {
    "finish_reason": "length",
    "index": 0,
    "logprobs": null,
    "prompt_logprobs": null,
    "stop_reason": null,
    "text": " Okay, so I need to summarize the main events of the Apollo 11 moon landing and its importance in space exploration history. Hmm, where do I start? I remember that Apollo 11 was the first mission to land on the moon, right? But let me think about the specific details.\n\nFirst, the Apollo 11 mission itself. It was launched by NASA, I think in July 1969. The astronauts were Neil Armstrong, Buzz Aldrin, and Michael Collins. Armstrong and Aldrin"
  }
]
