[
  {
    "finish_reason": "length",
    "index": 0,
    "logprobs": null,
    "prompt_logprobs": null,
    "stop_reason": null,
    "text": "\n\n1. Sustainability: Renewable energy sources, such as solar, wind, and hydro, are virtually inexhaustible. Unlike fossil fuels, which are finite resources, renewable energy can be harnessed continuously without depletion.\n\n2. Environmental Impact: Fossil fuels contribute significantly to greenhouse gas emissions, which are a major driver of climate change. Renewable energy sources produce little to no greenhouse gas emissions during operation, making"
  },
  {
    "finish_reason": "length",
    "index": 0,
    "logprobs": null,
    "prompt_logprobs": null,
    "stop_reason": null,
    "text": "\n\nSpanish: 'El conocimiento es poder.'\nGerman: 'Wissen ist Macht.'\nMandarin: '知识是力量。' (Zhīshì shì lìliàng.)\n\nNote: The Mandarin translation uses traditional Chinese characters, but simplified characters are also commonly used in mainland China. The simplified version of the sentence is: '知识是力量。' (Zhīshì sh"
  },
  {
    "finish_reason": "length",
    "index": 0,
    "logprobs": null,
    "prompt_logprobs": null,
    "stop_reason": null,
    "text": "\n\nUnder the veil of twilight's embrace,\nA canvas painted with celestial grace,\nThe night sky, a silent, starry stage,\nA spectacle that leaves me in awe.\n\nA million diamonds, scattered wide,\nIn the vast expanse, they reside,\nEach a secret, a story untold,\nA mystery that never grows old.\n\nThe moon, a silver orb, suspended high,\nGu"
  },
  {
    "finish_reason": "length",
    "index": 0,
    "logprobs": null,
    "prompt_logprobs": null,
    "stop_reason": null,
    "text": "\n\nThe Great Wall of China, a series of fortifications built across the historical northern borders of China to protect the Chinese states and empires against invasions and raids, holds immense historical and cultural significance. It is one of the most iconic symbols of China and an enduring testament to the ingenuity, resilience, and ambition of the Chinese civilization.\n\nHistorically, the Great Wall was constructed over various dynasties, with the earliest sections dating"
  },
  {
    "finish_reason": "length",
    "index": 0,
    "logprobs": null,
    "prompt_logprobs": null,
    "stop_reason": null,
    "text": "\n\nArtificial Intelligence (AI) in healthcare decision-making presents a myriad of ethical implications that need careful consideration.\n\n1. Patient autonomy and informed consent: AI systems may provide recommendations based on vast amounts of data, potentially overriding the patient's own preferences and values. Ensuring that patients are well-informed about the AI's role in their care, and that they have the opportunity to make informed decisions, is crucial.\n\n2"
  },
  {
    "finish_reason": "length",
    "index": 0,
    "logprobs": null,
    "prompt_logprobs": null,
    "stop_reason": null,
    "text": "\n\nApollo 11, the mission that marked the first human landing on the moon, took place on July 20, 1969. The mission was a significant milestone in space exploration history, led by NASA, the United States' space agency.\n\nThe Apollo 11 spacecraft was launched from Kennedy Space Center in Florida on July 16, 1969. The crew consisted of three astronauts: Neil"
  }
]
