{
  "id": "test1",
  "modelName": "resnet50",
  "modelVersion": "1",
  "outputs": [
    {
      "datatype": "FP32",
      "name": "output_0",
      "shape": [
        "1",
        "1000"
      ]
    }
  ],
  "rawOutputContents": [
    "/nogORZPnTkYIYo4Anz0OCN4gDgN/tQ5rdI2N3GjFTiCYow3yBcUOR6+ITqYORE5bGJgOFdbrzhVq3k3IklMOIfiCTn7OAE4zYODOClRWDgHGCY5KprfOghAgTptKos5Wfa+OF2JuDg513M5mv1VOcHDMDmKyR057qgqODjlsTnL+J04/9vvOGRYhzkwWGo3Z3vTONOZMzeL8pk7ZFMLOHhgUTgSHzs5DjdtOVMlFDkGqVo4kBr3OBe4PzhQTmU5JqILOIjiGDilQ0k5F3bYOXLEhzkUiu45a22EOWcT1zepKng4guF3Nx3GATlXuCw7IxLSOSGwIjil8IY5grSZObxuMTrmezU5X8TZOXpOhTjlAko5UJEcOPBjkziP5lE6q/R5OLXWyjqvSjE3pja9OQ808TdTfBs6EisMO7SjpToc8+I5LOWCOXCq+Di1WpE5CkEZOL13gjeQ0lw5KWuKOXC6tzjSpgI57DF2OKM2cjlWxAo6JqwaOY5JLDkSjCc4jbg1OR3KJTj6KnY66EJJOQ0RpDkMTnk46sRDOJkOBDtojEw5zwwgN9p5TzjXg544A1ECOLseazgxP4c5TuDpPfYrgDkAoNA5Oui9OHgzfTh9CzQ5QaWzOUFiyDcNvIs4K8UYOe2alDdbgw057s3bN/WfxDfySR45JOgKO4gUUTlLh3475c0BOiynEjlva2w4I6QEOr/JoThLVkU4ItQDOaDBezkg3Ys5vMHiOMbRGTmUoOo5ghLeOZUOYTkL16s5dkxOOYyCDzowhDA6IH0OOthEOzodu9U5XQNmOfGpVzk0v6o59c8fOgT5Hjjs3i846doTOXBDKTktPz05SEitOEbSbjntNUU4Z0a3ONAjxznLEKQ3nzluOdNVsznOhQI5nRIrOT306Dg5ih45rJkJOZ/LyzlNzOo4CzepOLlCQTjxp5k4s4CpOOFWZTmicrA42AujN0Yo+zgMDR03WUuyOP6mYDhLu4o5n24OOAzlvDhnvE859HrbOGtQUTruNt44VxpzNivDrjhDMRU5YESiOXMgZDgxIiU3IeECONTmoTiEjaE4rvV8N9pCSzgxdhY5FAsLOe+DLDha4xU5QD3wOOzgRDiC4mQ4bFxZOJzslzgcaMY4s0lfOPcRhDjDUpc45WPMOefZUTjDRaI3M+0gONTBGjnFJh45/F9uOZLSOjn7UO04eFPtOFCvhDfeEkU5nAWvOMZ84jjon4E35OGsN02MLznttSE57BX3N1kEXDgYHAw5DckmOSerYjh/jw45StivOJ1OSzhDCQY4GdHQOBuw6jdXC5E4U7D+OHMSijgmeeg4IpaSOC1zaTlAH5M5/me4OJ/gODnasxE5WMt1N6g9pDmMm944cmWHOZakOzm0tbc4um+lOL8R1jkRPXk4SL4yOQmPwTjhB+04z/0jOHU2/zhtyyE4PygPOQF6TDic9yE5Wb2wOH8C3DgELW05rlBxOTGBATog7Lc4yj+SOfP/7DhO6Zk4LfZyOdvQ3zmf84Q5KWHJOWdeuTi2r/s3NrJgOElo2jhOx2Y45k/oOJuDvji21YM5Mls/OUIVnDjjQhE5HOu+OZy3uDgkqR065tugOGW1xDnI3g45AmDvOdaJSjhISIk3ToRGOhDAiznGDaU58tahN3SC4DkRVbA4xElGOrcb3DhM84k6H50rOX5p0zjMLMM4jp2pOS96vjnsZyc6R5cUN1Y0sTfAXXo425IaOOZkADiS1l45WihzOOl24jgseYA3A4HQOKKSbDlgZQM5z6dVNywkEziDAZg4s84kOXlV7DiJGzg4yzF2OCv1bTiHN1s4mGPPNwIvTjcQI5s5GJcwOSEQTDhMDCI4Re6rOCRxSTiLeZ45cRgBOsWtsjgkVoM5/BbUOVoSgjhzH4I6BcPLOfw4tDmm7qo58gGuOXeUOznOoAU55EZPOHoLPjgg1hg5KVcaOHMt9DkmmBc4YVPROCtsrjhHeEg6JIKTOKwJbTlYO6E55H6IOP13ITltab45BhHiOKnLATiWViQ5+yXsNxh6uDivsqA4RBGWOXPsHDneQSQ4vKLWONuYkDgRTbM57l8hOBo54DcDqnU6UiWYNxvO4ze0Oho5hITPNyQNwziPJAk5AytdPIpeyDpp/5U5SPYIOh/OeTm6LvQ5jS5XO/2oqjcn/2M4FkvWOJ/lLzrHrUw3PwcWOe8YtTmMNKQ7lUjOOSmr/TYT5yw7CmZnOtMxqjxvC9054ZKDOYh5ljkb1Sc5TqFbOdTfETiUdIU47hSrObVaBDrhecw4uVSGOjKOvzg8dU049o6OPLO4ADnVvRY5s5QvOeMgzjjyZIg6wYmoOiSBxTrDKA06XdGAOUD3SzokvQI5Vt9VOYL6RjlxTig7/SDuORS6tzlaupI5WTCSN+6AjjtddFA44vaXOEGfPDcr3rM50TTUOmdxojrv8N03b9DyORPCCzj9Gzg6ktQhO1AukjldE+I69wtLO8sTazmJRZc3bBMwOPWrdDvTBEs7HSCBOXktjDj7J1M8s7ixOJANUDkXxRQ4QMKQOIU7Sjmdkko57zEaOQm6LTp7Pdc4Ugi6Nz7Mbjne6CI6HuS+Ogr2+jqCLs864+NqN0X6UTnbyUY695TiOcDdfTn41A07NErEOEfJWjhrBLo4cJg8OLiAAz1qZ6M4xUSCOw6ivjndpKU7UWbBOpwSIzo/xE05d5tgOzKYiznxwGw3OYayOsU2lziSfXM8z5ucOtGslDnkRco5mD4rOaD1UToc+sc4BzwFOWMd7jiH2AM6uNyHOY1C/TpHs885SKDnN5xWITnazuY5kmpYOMmvjzmNblE7StecO1BjGDk7cbk4z8x7PJNvMDnkkhY49PCmOGuECzpiFnE5PlTXOsodqTobkZ06K0POOpTDADmo+jw6gjM/OmrlKTg+q4g4/XOpO9b/bDnVGBo72uEFOSbdHDrvHwg5n4xSOGTfpzqlKAg6TgmBO+xhsDr4WJE4DyGbOM9HmDgXE7o6TfulN4WrYDhVf645sSJQPNmxTDmZGnY5vqk4OoxcpjeWri06CbDnOPUYlDsyKZw4/VuSOQgwXDqNl/M5GhnpOS/WxDckHxQ4qs29N7l27TtY0ak865ESPCAkujcFqWE6D+evOa1SMDq/Fvk4Fv6GOVGEBzr7gDc7Dv4YOYUUbTg1U0A7drAcOcCaeDlO+385DbJyOwkM/jnyAsI63UsCOMGDBDwa8eE6Zw4SOtuewznVR90525J4OPkTxzp+lYw5MNNyONz8dDuzRFo5fim/Ovpo7jrgfC05a2fmO/vkKjvGcpo4l7sLOb4twDpWTSs8LSwFNzprFDk7LhU8VbIhOg0hZjrfXaA7rFk5Ou4MMjr/iwQ8v8xAO/HRcDfZDGU6qh+UOd/GpDh0mSo5DrS5N7slSzlMI6o7EZG6OUInqDnYTb48GirJOAPWUDm/GGE5x6Z7OXlMujgk/8c7PA7XOegNTTmJMVE7FExTOcqGWDiK3NE3+0GZOlBzKDjhyxQ5SE07OWmDtjdpysM65OglOVqsEzt/j5U4LQs5OsEDwTmvn+E4AICiN42SBjkvfM03MvSuOcHxTDrBEiw7f07jOLqBZznVTKY88PHYOokK0DmM3II6qUpUOsnRhjkbSts8Ma7jOgI1lDnjnCc8wm9oOH+eLzmze7856FmmN7+8wDlotfc6XU1vOjGGijjhCcc5JHeVO+UMxzdskGk40CByO1+mMTm/4K46P34ROs9aUzlDJ/s4oPKkN0+FljeLKqw474SIO8ZdmThp00c63EhqOkmSjTnZYIg5XXwoO2AAfjmf2pc5lxNROPhZ6Dg7xQQ6JooaO/fJrTfeLM86ETJMOt1UsjnhRaI5k7ASOuqPDzk80LM46GeJOv3FjjjnOIw7WnDpOAOjRzr/lUw3SXxrOORnPjq+s7I5Id0VOYqgjjmSBbc6IKo4OUjTNDlxcYA5mdNvO2xaFDv7uLc5OQoEPCaePDmeYBA7d9YtOcSMJDkX4cI5lGBrOueF/Dpat7U5R9yhOQoqszfrG2k6+Tb8OXtY+DrpmQY74k6XNwq11DsSYPk6bbHGOeoivzlhueg6jMQLOdhGmTtRsyw56mv3OS48ijtn098580AYOekemjjpHNk6wDgDO536Gzow/084sbHuOY3qzDn5FTQ6Fws7PHYTTTzukYM4nmtyOBE7VzhGZiE3Z/hyOmRFWjla/fc4nHzIOU+tIjl2h8M4ZGxnOj5oRzpI/jg5rwsxO08N0zhyPSw4Lc5JOUoY0Tgfofc4T4r5OyCYMTlbpV46OmQSOgYa2Tl+CGk4KLEkOQoKnDrrByk8UvrfPCrjjDo+Wxk4WaN2ONDcaDh4reQ7YLqEOXLLsTdf7nc58SuJOTPblDng3+03I2QTOIIYrDtjLbw5fewSO32OVjgnu505RZoyOkHRKzl+thY6V7ARO/4eBziktoE6twwZOnGXEjrTvYs4bGoIOi5DGzlEkiM5Ar7XOOlkNTongD06HFcxPBsq4De+FBQ689qmOcGCsThVOZE6PAhXO28BXjdZKYU7QPeaO3aoDjk/Yas5zPuXOc8fmzrZ2Js5ZPAvO63hhzozzsk5iXpLOHnDGzdBrJw48S+CORwcjjhxifs55mKbONcGQTlHob86roooOb3BqTblZlA7BMoTOS5wzjnAxys4b6ONOdXM1TkuEw05TjFaOVtYhTvWE6c4Mx8tOkiWFzkuIxE5MM2kOLnlJjqyDq04aNbCOA3+Rjq9Uxc78h4oOWxPUTr/pQo6IVA9OgK9XTsNQSE6d6p0OWpOczt/ypk7CZqQOfjzVTp8YOo596GQOjOQiTqFFQs5zOWXOCaKujkRCF05xA4HOGHopDmHaZ85r4OVOOqFpzpd2J84eAJ4OcSRLjrvZvU5UIbBOdNlyjjzfto4mvMSOO7vTDkRGrk4N1Z7OJhqsjexMkA3FYI0OXQS4zgCe2Y4kuXzN/JtTzg8hDI4VImbOPmejThOFug49936N2gxcjkeYDk4hThIOTLfEjkc05U4vIOPOZMzMTlRlrA3QmVNOtdvDzreRUg65lTOOaMXPTkKUcg4ozlsOZSKITeD2MM5NEDkOAyzfDg/SJ84aZLCOACqQTgCeI44Qfp0Nz6m/zdVqiI5zl8LOlP+tTl3Tpg6tMs4OmI7TTki3iE5Ow0rOF8mWDeskKY5HiJrOMGiLjnunbY5ZlICOkqK8zdF0F05gCUROZhy3DeEcy05cSTVOKRh7jm2wA44P3hsOeKCXTmyMf84lNKXObw6EDjXGEQ3fzWbOOh73ThEVT84JNPHOAFNYDdMiQw5H8U8Og=="
  ]
}
