{
  "id": "test1",
  "modelName": "resnet50",
  "modelVersion": "1",
  "outputs": [
    {
      "datatype": "FP32",
      "name": "output_0",
      "shape": [
        "1",
        "1000"
      ]
    }
  ],
  "rawOutputContents": [
    "mn0gOVpanTl0QYo4OMT0OKmegDjh8NQ5Bgs3N26zFTh0b4w3IigUOd20ITq8SRE55GxgOMVvrzhrrnk3a1xMOI3iCTlbRAE4RIuDODBeWDhMISY5xZrfOmREgTpoQos5sQS/OHqCuDiErnM5d/FVOVjBMDkkvh05vtEqOGHvsTmQ/p04b+zvOAtohzn7SWo3ZnnTOJatMzec45k7b14LOGV6UThGEzs5nDRtOaUQFDklulo4aBD3OBnKPziPSWU5M68LOD33GDgSZEk5n3DYOUDHhzmElu451HqEOQE01zdqRng4Ad93N9nWATmFrCw76hjSOVXFIjiN5oY5hZaZOaFuMTosfDU5DNDZOf9hhTiS+Ek5GZkcOM9ikzib+1E6bPd5OJ+6yjpuUDE3ik+9OZlN8TdEhBs61iEMO2ampTqQzeI5t+2COZq5+DjtVZE5v1AZOBGGgjey31w5+naKOUbOtzj3sgI5g052ODcncjlxxgo6qrAaOR1aLDn3cyc4i9E1OY3dJTiAB3Y6xlRJOekapDl8L3k4vNJDOH4LBDvDqEw5diMgN9F0TzikfJ44mWACOLgyazglTYc5k73pPRI9gDmDndA51+a9OEM+fTiI+DM5BquzOYVeyDeypIs4IbYYOQCTlDcniw05f9bbN6GoxDe+Wh45I9kKO1Y3UTm7bn47dtsBOoy4Ejlbb2w4ZK4EOmLfoTi6aEU4k9MDOT3Kezk35Is5897iOGXaGTmQruo5sxjeOfYKYTlm6Ks57l5OOV95DzpIpTA6mXEOOjM2Ozp8u9U5YQxmOQO1Vzk/qKo5j+YfOnIIHzhp8y84j9cTObRGKTn5Nz05L0utOO67bjnlR0U4YFi3OAMkxzm0FqQ3LyVuOY9aszn9dAI5ehorOQLq6Dh6hB45sqoJOUvOyzmh1+o4uVapOLQxQTjFnpk4hm6pOLiMZTnvg7A4fhejN4cj+ziyCh03ZziyOA20YDiIv4o5g3MOOOv0vDguo085yWbbOFs5UToFRt44dypzNivQrjgHFhU5OFeiOfYiZDgjIiU3nNYCOH7toThmiaE4VQZ9NxNESzhuhBY5vyELOcV7LDib0BU5AVDwOC3zRDjy+2Q4szhZOFL6lziecMY4/1tfOEcQhDjgVJc4ql3MOVr5UTjXTKI3kfogOD+oGjnhBh45C2NuOQzZOjnKQu04eV/tOPichDfFA0U56vauOPF34jjqtoE3Cv6sNwaRLznzrCE5Wkj3N1sfXDgTKgw5rtUmORi2YjhcoQ45NfSvODpHSzglIQY4v93QOC6+6jfXEZE4zLX+OPIOijj4p+g4P7OSOGiZaTlhIZM5wVS4OEQUOTnCxBE5xtZ1N24npDlZy944o4aHOYC9OznF3rc40HulOPsH1jnUcnk4zeEyOWiuwTgqIu04SQgkOCIq/zib0CE4lDcPOZiGTDhDBSI5GciwOFUe3DhMQm05flVxOamMATpEBLg4pkOSOUP67DivDZo4uBJzOXrt3zna/oQ5EXnJOd5+uTgOv/s3CrFgOB192jgszWY4clzoOAmSvjif4YM5UUM/OQgDnDh8TxE5EtO+OVK9uDi9qx06rdOgOIvTxDlsyg45dFLvOSaQSjhUXok3KIlGOg7GizmlGKU5OOahN72W4Dmqb7A4xVpGOngd3Djk84k6nK8rOZty0zjiNMM4do+pOd9jvjlKUCc6kJwUN0U1sTciXHo4gZIaODdqADhQvl45HmJzOFSX4jg9hoA3CIPQONuObDmkcwM5+NxVN24bEzgK7Zc4wdMkOfBb7DhCLzg4REd2ONALbjjdKVs4WlHPN4RBTjfgJJs584EwOVc1TDg7HCI4C/6rOBNfSTh5iZ45qxcBOp2+sjhUXYM5iR/UOUsXgjhfKII6AarLOUcwtDmh66o53/2tOaCNOzmamAU5HFJPOCsFPjgB3hg5WU8aOLgY9Dlaqhc4oULROFV4rjjff0g6i5OTOLkcbTmNPaE5M3uIOE+DITm4XL45yzHiODvLAThLVyQ5JDfsN4aZuDhIvqA4RByWObnsHDkbTiQ4vpzWOFCSkDgxS7M5tlUhOPlD4Dccg3U6KTyYN1Pd4zdxNBo5tKbPN9cYwzgaMQk5RhBdPNlEyDroBJY5pvsIOqn6eTkMIPQ5eUlXO7q4qjfU/mM4mUHWOKv8Lzo2qUw3MhMWOQ8gtTnOKaQ7d2bOOcrS/TZIES0764dnOk4rqjyuI905A4uDOdiWljmW8yc556dbOf/rETiFhoU40RSrOVdSBDrWpMw4ZWSGOtabvzipgk04GnyOPNfMADmn3xY57bYvOWA0zjjegIg68XGoOiI7xTrSJA068+GAOUYFTDp4xAI5ze5VOeEZRznUOyg7kgnuOWjCtzkNv5I5DDaSN1mFjjukilA4FgmYOEW6PDe24bM5tz3UOtGXojpm2d03/uzyORDkCziiHTg6WOAhO+QskjkGI+I6qvVKO6UQazkkWZc39yQwONnSdDsa60o7VDKBOVU9jDhtO1M8M9GxOIIvUDmmzxQ4IK+QOBlaSjmGqUo5lDEaOcG9LToLL9c4vxy6N6Hdbjnq/iI6GOm+OuQl+zq3MM86YQdrN4rmUTlwy0Y6pcXiOfi9fTn33A07TWPEOILkWjiGHbo4s6g8OGJ9Az2AcaM4xkGCOzCvvjmzmqU7F2bBOrElIzpp4005OKhgO2KjizkZzmw36ZOyOhA5lzhKl3M8X46cOqSilDnyZMo5GksrOQQkUjrFC8g4Q1gFOZBE7jjS2AM6otCHOReJ/TpCg885MdHnN1xnITnrzuY5SpdYOO6/jzlCa1E7a9GcO7leGDlierk4GOB7PAd/MDl9nxY4GQSnOMGMCzrqRnE5EDHXOnkgqTrpqp06+HPOOjjQADl1Jz066kI/OjXrKTg3lYg4a56pO6LgbDmCFxo7zwAGOQH5HDouKAg5iKJSOJDVpzp6PQg6/QiBO/98sDq2Y5E4+CWbOBppmDi0Iro64gamNx7VYDhnfa45XS5QPDPTTDksJnY55s04Oj5RpjdCwC06u8DnOCsYlDsyO5w4uVGSOeU7XDppvPM5rEnpOR3+xDfMKRQ4Ufm9N4hv7TsPvak8s5QSPJAlujfssWE6g+uvOQRdMDor8/g4uxKHOeWOBzoTdjc7s/0YORg3bTj9XkA7vMIcOXWbeDnW/385LsFyO5Ya/jkSFsI6TVcCOJZzBDzA+OE6CC0SOqO5wzm4Yd058sF4OHcGxzoUoow5CdFyOEgPdTsYW1o5DDq/OuqD7jp+bC050JHmOxb+KjvqhJo4Wc4LOfNLwDoSOys8uS0FN1B5FDlTOBU8k6khOhczZjqjUqA7dE45Ou8FMjp0kwQ8JL5AO/nvcDeQBmU6ECSUOejopDgvsSo5Bby5N/o2SzkVGqo7Hqy6OQxEqDnTcr48UjDJOPPrUDk3CGE5Tb17OS9Gujg0MMg7bhfXORgxTTlFAlE7fVxTOQmpWDh87dE381WZOp6HKDhv6BQ5NWg7Oayetjf71MM6H94lOYqzEzs9mpU4Hx05OuIFwTlKq+E4Oq6iN76jBjlloM03tQOvOWkNTTrLGSw7s0vjOOJ4ZzkTT6Y8pt/YOt0h0Dmf1oI6lHFUOnjjhjlAIds8jYPjOhBFlDnsfCc8/25oOBSfLzkXZr85G1imN42twDnAw/c6ME9vOs6NijgsL8c5Z3yVO94cxzellmk4z/txO3+yMTm88646wZkROjd5UzmERvs4JumkN/+Yljc2PKw4iH+IOzR/mTjK50c6N2lqOnqQjTkSc4g5+W4oO6fTfTknBJg50z5ROEx56DgV3wQ6FYQaO/nfrTd4Ic86wkpMOtpYsjmGTqI5DKwSOuaQDzmVy7M4uGmJOqPpjjieR4w7YYDpOJbSRzpXiUw3VLJrOI+HPjrOqrI50ekVOZqLjjmxArc6bY04OWPfNDk9cIA50/FvO6JjFDvSwbc5GxsEPCSkPDmBZBA7iuMtOWiZJDn0CMM59YFrOqSg/DoszbU5JdehOXU3szfgIWk6py38OVlx+DrZrAY7FWGXNyK/1Ds4X/k6g8bGOZwavznkzug6JNALORpkmTuQ1Cw573n3OTVAijv32d85RFgYOa4umjgdHtk6GzQDO/b8GzraD1A45bvuObjRzDmuCjQ6SjY7PI0CTTxRp4M4mJByOGsqVzjLbyE3zwBzOh5MWjmxMfg4MorIOTXAIjlDs8M4TnxnOrRVRzouGzk5oOwwO+VF0ziRPyw4cfNJOdkx0ThXyfc4PpT5OyenMTkAwF46tVUSOl4Z2TnQFGk4d6UkORAYnDrF4ig8WwrgPBDjjDrVaRk4hMN2OKzSaDi62eQ7lsCEOV7YsTfS43c56ymJOUvdlDk35O03TnITODcerDvgLbw58P4SO/SiVjhsxJ0548EyOs3xKzlJshY6PqwRO/8jBzgFv4E6CT4ZOp6LEjrG3Is4R4IIOig9GzkonyM5mvzXOICFNTp5hz0632gxPPVI4DdyFxQ6cgKnOSKwsTicR5E6GC5XOy4PXjcXNoU7Yf6aO1ScDjmVUKs5zRWYOTY9mzrM1ps5z/YvO+7zhzpg6Mk5h4BLOK7KGze8t5w46jCCOaxIjjgVkPs5ZGybOHAcQTnxrb86sJIoOc27qTZSVFA7QeATOed0zjnCwSs427+NOScC1jlQHA05emhaOZtfhTv/Iac4FEAtOouXFzmJIRE5LdukOIDoJjo2Hq049ODCOF0URzrjVRc7Yi0oOW14UTqQwgo6f1I9Ol3iXTuhXSE6Zb50OTH3cjtJ2Zk7cKGQOTgmVjoPg+o5tIOQOu6OiTr3Lgs5uRSYOOWcujlxIV05ABoHONf5pDkRZJ85UImVOIempzq+1J84Xfx3OWKbLjq+YPU5boHBOfxpyjhsZNo43wITOPjVTDmVFLk4hVV7OOqMsjd/LkA3ypU0OSks4zhInmY4C+PzNw2HTzgxlDI4RZybOAO7jTgfH+g499P6N1slcjnDajk4P1NIOXfsEjkK1pU4TJSPOT8tMTmVrbA3ynxNOqxkDzppckg6ZXDOOcUWPTnNcsg41WdsOVeaITf21cM5xGDkOJvqfDg/RJ842X7COCPLQTgud444VhV1N5ih/zf7vSI5pWgLOrwhtjl2b5g6r8U4OvhJTTks9iE5miMrOLxNWDdglaY5PDNrOOunLjkVr7Y5u2MCOsGb8zeW2F05IicROb2M3DeTly051TzVOL9g7jk5uw44PIRsOX2KXTkzR/84NuKXOSZKEDgZIEQ3vyebOKtt3Tg7Oj84LLjHOHxBYDeMiww5D+w8Og=="
  ]
}
